<html>
<body>
<pre>
<h1>礦ision Build Log</h1>
<h2>Tool Versions:</h2>
IDE-Version: μVision V5.25.2.0
Copyright (C) 2018 ARM Ltd and ARM Germany GmbH. All rights reserved.
License Information: deadl,  , LIC=QF856-D8XHI-56VQ2-9IF3J-EDBAE-I5KHC
 
Tool Versions:
Toolchain:       MDK-ARM Plus  Version: 5.25.2.0
Toolchain Path:  C:\Keil_v5\ARM\ARMCC\Bin
C Compiler:      Armcc.exe V5.06 update 6 (build 750)
Assembler:       Armasm.exe V5.06 update 6 (build 750)
Linker/Locator:  ArmLink.exe V5.06 update 6 (build 750)
Library Manager: ArmAr.exe V5.06 update 6 (build 750)
Hex Converter:   FromElf.exe V5.06 update 6 (build 750)
CPU DLL:         SARMCM3.DLL V5.25.2.0
Dialog DLL:      DCM.DLL V1.17.1.0
Target DLL:      CMSIS_AGDI.dll V1.29.10.0
Dialog DLL:      TCM.DLL V1.35.1.0
 
<h2>Project:</h2>
C:\Users\deadl\Desktop\拼图2.0(完整实现版4.22)\Project\RVMDK（uv4）\Fire_RT-Thread.uvprojx
Project File Date:  04/24/2019

<h2>Output:</h2>
*** Using Compiler 'V5.06 update 6 (build 750)', folder: 'C:\Keil_v5\ARM\ARMCC\Bin'
Build target 'Fire_RT-Thread'
compiling board.c...
compiling main.c...
compiling bsp_xpt2046_lcd.c...
..\..\User\Bsp\lcd\bsp_xpt2046_lcd.c(867): warning:  #223-D: function "rt_thread_delay" declared implicitly
  		rt_thread_delay(500);
..\..\User\Bsp\lcd\bsp_xpt2046_lcd.c(1042): warning:  #167-D: argument of type "char *" is incompatible with parameter of type "uint8_t *"
  			ILI9341_DisplayStringEx(j*80+80,i*80,80,80,map[i][j],0);
..\..\User\Bsp\lcd\bsp_xpt2046_lcd.c: 2 warnings, 0 errors
linking...
Program Size: Code=27016 RO-data=6796 RW-data=564 ZI-data=28164  
FromELF: creating hex file...
"..\..\Output\Fire_RT-Thread.axf" - 0 Error(s), 2 Warning(s).

<h2>Software Packages used:</h2>

Package Vendor: Keil
                http://www.keil.com/pack/Keil.STM32F1xx_DFP.1.1.0.pack
                Keil.STM32F1xx_DFP.1.1.0
                STMicroelectronics STM32F1 Series Device Support, Drivers and Examples

<h2>Collection of Component include folders:</h2>
  .\RTE\_Fire_RT-Thread
  C:\Keil_v5\ARM\PACK\Keil\STM32F1xx_DFP\1.1.0\Device\Include

<h2>Collection of Component Files used:</h2>
Build Time Elapsed:  00:00:02
</pre>
</body>
</html>
