Component: ARM Compiler 5.06 update 6 (build 750) Tool: armlink [4d35ed]

==============================================================================

Section Cross References

    startup_stm32f10x_hd.o(RESET) refers to startup_stm32f10x_hd.o(STACK) for __initial_sp
    startup_stm32f10x_hd.o(RESET) refers to startup_stm32f10x_hd.o(.text) for Reset_Handler
    startup_stm32f10x_hd.o(RESET) refers to context_rvds.o(.text) for HardFault_Handler
    startup_stm32f10x_hd.o(RESET) refers to board.o(.text) for SysTick_Handler
    startup_stm32f10x_hd.o(.text) refers to system_stm32f10x.o(.text) for SystemInit
    startup_stm32f10x_hd.o(.text) refers to entry.o(.ARM.Collect$$$$00000000) for __main
    system_stm32f10x.o(.text) refers to system_stm32f10x.o(.data) for .data
    stm32f10x_adc.o(.text) refers to stm32f10x_rcc.o(.text) for RCC_APB2PeriphResetCmd
    stm32f10x_bkp.o(.text) refers to stm32f10x_rcc.o(.text) for RCC_BackupResetCmd
    stm32f10x_can.o(.text) refers to stm32f10x_rcc.o(.text) for RCC_APB1PeriphResetCmd
    stm32f10x_cec.o(.text) refers to stm32f10x_rcc.o(.text) for RCC_APB1PeriphResetCmd
    stm32f10x_dac.o(.text) refers to stm32f10x_rcc.o(.text) for RCC_APB1PeriphResetCmd
    stm32f10x_gpio.o(.text) refers to stm32f10x_rcc.o(.text) for RCC_APB2PeriphResetCmd
    stm32f10x_i2c.o(.text) refers to stm32f10x_rcc.o(.text) for RCC_APB1PeriphResetCmd
    stm32f10x_pwr.o(.text) refers to stm32f10x_rcc.o(.text) for RCC_APB1PeriphResetCmd
    stm32f10x_rcc.o(.text) refers to stm32f10x_rcc.o(.data) for .data
    stm32f10x_spi.o(.text) refers to stm32f10x_rcc.o(.text) for RCC_APB2PeriphResetCmd
    stm32f10x_tim.o(.text) refers to stm32f10x_rcc.o(.text) for RCC_APB2PeriphResetCmd
    stm32f10x_usart.o(.text) refers to stm32f10x_rcc.o(.text) for RCC_APB2PeriphResetCmd
    stm32f10x_wwdg.o(.text) refers to stm32f10x_rcc.o(.text) for RCC_APB1PeriphResetCmd
    board.o(.text) refers to bsp_led.o(.text) for LED_GPIO_Config
    board.o(.text) refers to bsp_usart.o(.text) for USART_Config
    board.o(.text) refers to bsp_ili9341_lcd.o(.text) for ILI9341_Init
    board.o(.text) refers to bsp_xpt2046_lcd.o(.text) for XPT2046_Init
    board.o(.text) refers to components.o(.text) for rt_components_board_init
    board.o(.text) refers to mem.o(.text) for rt_system_heap_init
    board.o(.text) refers to irq.o(.text) for rt_interrupt_enter
    board.o(.text) refers to clock.o(.text) for rt_tick_increase
    board.o(.text) refers to scheduler.o(.text) for rt_enter_critical
    board.o(.text) refers to stm32f10x_usart.o(.text) for USART_SendData
    board.o(.text) refers to board.o(.bss) for .bss
    board.o(.text) refers to system_stm32f10x.o(.data) for SystemCoreClock
    board.o(.text) refers to bsp_ili9341_lcd.o(.data) for LCD_SCAN_MODE
    main.o(.text) refers to bsp_xpt2046_lcd.o(.text) for XPT2046_initialmap
    main.o(.text) refers to bsp_ili9341_lcd.o(.text) for ILI9341_DisplayStringEx
    main.o(.text) refers to thread.o(.text) for rt_thread_delay
    main.o(.text) refers to bsp_xpt2046_lcd.o(.data) for touchcount
    main.o(.text) refers to main.o(.data) for .data
    bsp_led.o(.text) refers to stm32f10x_rcc.o(.text) for RCC_APB2PeriphClockCmd
    bsp_led.o(.text) refers to stm32f10x_gpio.o(.text) for GPIO_Init
    bsp_usart.o(.text) refers to stm32f10x_rcc.o(.text) for RCC_APB2PeriphClockCmd
    bsp_usart.o(.text) refers to stm32f10x_gpio.o(.text) for GPIO_Init
    bsp_usart.o(.text) refers to stm32f10x_usart.o(.text) for USART_Init
    bsp_usart.o(.text) refers to stm32f10x_dma.o(.text) for DMA_Init
    bsp_usart.o(.text) refers to bsp_usart.o(.bss) for .bss
    bsp_ili9341_lcd.o(.text) refers to stm32f10x_rcc.o(.text) for RCC_APB2PeriphClockCmd
    bsp_ili9341_lcd.o(.text) refers to stm32f10x_gpio.o(.text) for GPIO_Init
    bsp_ili9341_lcd.o(.text) refers to stm32f10x_fsmc.o(.text) for FSMC_NORSRAMInit
    bsp_ili9341_lcd.o(.text) refers to bsp_ili9341_lcd.o(.data) for .data
    bsp_ili9341_lcd.o(.text) refers to fonts.o(.text) for GetGBKCode_from_EXFlash
    bsp_ili9341_lcd.o(.text) refers to bsp_ili9341_lcd.o(.bss) for .bss
    bsp_ili9341_lcd.o(.text) refers to fonts.o(.data) for Font16x24
    bsp_ili9341_lcd.o(.data) refers to fonts.o(.data) for Font8x16
    fonts.o(.text) refers to bsp_spi_flash.o(.text) for SPI_FLASH_Init
    fonts.o(.text) refers to fonts.o(.data) for .data
    fonts.o(.data) refers to fonts.o(.constdata) for ASCII8x16_Table
    fonts.o(.data) refers to fonts.o(.constdata) for ASCII16x24_Table
    fonts.o(.data) refers to fonts.o(.constdata) for ASCII24x32_Table
    bsp_spi_flash.o(.text) refers to stm32f10x_rcc.o(.text) for RCC_APB2PeriphClockCmd
    bsp_spi_flash.o(.text) refers to stm32f10x_gpio.o(.text) for GPIO_Init
    bsp_spi_flash.o(.text) refers to stm32f10x_spi.o(.text) for SPI_Init
    bsp_spi_flash.o(.text) refers to printf6.o(i.__0printf$6) for __2printf
    bsp_spi_flash.o(.text) refers to bsp_spi_flash.o(.data) for .data
[...]
    ..\..\rtthread\3.0.3\src\mempool.c       0x00000000   Number         0  mempool.o ABSOLUTE
    ..\..\rtthread\3.0.3\src\object.c        0x00000000   Number         0  object.o ABSOLUTE
    ..\..\rtthread\3.0.3\src\scheduler.c     0x00000000   Number         0  scheduler.o ABSOLUTE
    ..\..\rtthread\3.0.3\src\signal.c        0x00000000   Number         0  signal.o ABSOLUTE
    ..\..\rtthread\3.0.3\src\thread.c        0x00000000   Number         0  thread.o ABSOLUTE
    ..\..\rtthread\3.0.3\src\timer.c         0x00000000   Number         0  timer.o ABSOLUTE
    ..\\..\\Libraries\\CMSIS\\core_cm3.c     0x00000000   Number         0  core_cm3.o ABSOLUTE
    cdrcmple.s                               0x00000000   Number         0  cdrcmple.o ABSOLUTE
    dc.s                                     0x00000000   Number         0  dc.o ABSOLUTE
    handlers.s                               0x00000000   Number         0  handlers.o ABSOLUTE
    init.s                                   0x00000000   Number         0  init.o ABSOLUTE
    RESET                                    0x08000000   Section      304  startup_stm32f10x_hd.o(RESET)
    .ARM.Collect$$$$00000000                 0x08000130   Section        0  entry.o(.ARM.Collect$$$$00000000)
    .ARM.Collect$$$$00000001                 0x08000130   Section        4  entry2.o(.ARM.Collect$$$$00000001)
    .ARM.Collect$$$$00000004                 0x08000134   Section        4  entry5.o(.ARM.Collect$$$$00000004)
    .ARM.Collect$$$$00000008                 0x08000138   Section        0  entry7b.o(.ARM.Collect$$$$00000008)
    .ARM.Collect$$$$0000000A                 0x08000138   Section        0  entry8b.o(.ARM.Collect$$$$0000000A)
    .ARM.Collect$$$$0000000B                 0x08000138   Section        8  entry9a.o(.ARM.Collect$$$$0000000B)
    .ARM.Collect$$$$0000000D                 0x08000140   Section        0  entry10a.o(.ARM.Collect$$$$0000000D)
    .ARM.Collect$$$$0000000F                 0x08000140   Section        0  entry11a.o(.ARM.Collect$$$$0000000F)
    .ARM.Collect$$$$00002712                 0x08000140   Section        4  entry2.o(.ARM.Collect$$$$00002712)
    __lit__00000000                          0x08000140   Data           4  entry2.o(.ARM.Collect$$$$00002712)
    .text                                    0x08000144   Section       36  startup_stm32f10x_hd.o(.text)
    .text                                    0x08000168   Section        0  system_stm32f10x.o(.text)
    SetSysClockTo72                          0x08000169   Thumb Code   166  system_stm32f10x.o(.text)
    SetSysClock                              0x0800020f   Thumb Code     2  system_stm32f10x.o(.text)
    .text                                    0x080002dc   Section        0  stm32f10x_dma.o(.text)
    .text                                    0x080004c4   Section        0  stm32f10x_fsmc.o(.text)
    .text                                    0x0800097c   Section        0  stm32f10x_gpio.o(.text)
    .text                                    0x08000c14   Section        0  stm32f10x_rcc.o(.text)
    .text                                    0x08000f08   Section        0  stm32f10x_spi.o(.text)
    .text                                    0x080011bc   Section        0  stm32f10x_usart.o(.text)
    .text                                    0x08001558   Section        0  board.o(.text)
    .text                                    0x08001644   Section        0  main.o(.text)
    test_thread_entry                        0x08001645   Thumb Code   108  main.o(.text)
    .text                                    0x08001704   Section        0  bsp_led.o(.text)
    .text                                    0x08001764   Section        0  bsp_usart.o(.text)
    .text                                    0x08001910   Section        0  bsp_ili9341_lcd.o(.text)
    ILI9341_Delay                            0x08001911   Thumb Code    18  bsp_ili9341_lcd.o(.text)
    ILI9341_GPIO_Config                      0x08001923   Thumb Code   358  bsp_ili9341_lcd.o(.text)
    ILI9341_FSMC_Config                      0x08001a89   Thumb Code    88  bsp_ili9341_lcd.o(.text)
    ILI9341_REG_Config                       0x08001ae1   Thumb Code   368  bsp_ili9341_lcd.o(.text)
    ILI9341_SetCursor                        0x08001d65   Thumb Code     6  bsp_ili9341_lcd.o(.text)
    ILI9341_Read_PixelData                   0x08001dab   Thumb Code    34  bsp_ili9341_lcd.o(.text)
    ILI9341_FillColor                        0x080026c5   Thumb Code    24  bsp_ili9341_lcd.o(.text)
    .text                                    0x080026ec   Section        0  fonts.o(.text)
    .text                                    0x08002738   Section        0  bsp_spi_flash.o(.text)
    SPI_TIMEOUT_UserCallback                 0x080027eb   Thumb Code    14  bsp_spi_flash.o(.text)
    .text                                    0x08002c3c   Section        0  bsp_xpt2046_lcd.o(.text)
    XPT2046_DelayUS                          0x08002cbf   Thumb Code    24  bsp_xpt2046_lcd.o(.text)
    XPT2046_WriteCMD                         0x08002cd7   Thumb Code    92  bsp_xpt2046_lcd.o(.text)
    XPT2046_ReadCMD                          0x08002d33   Thumb Code    70  bsp_xpt2046_lcd.o(.text)
    XPT2046_ReadAdc                          0x08002d79   Thumb Code    12  bsp_xpt2046_lcd.o(.text)
    XPT2046_ReadAdc_XY                       0x08002d85   Thumb Code    32  bsp_xpt2046_lcd.o(.text)
    XPT2046_ReadAdc_Smooth_XY                0x08002da5   Thumb Code   302  bsp_xpt2046_lcd.o(.text)
    XPT2046_Calculate_CalibrationFactor      0x08002ed3   Thumb Code   406  bsp_xpt2046_lcd.o(.text)
    ILI9341_DrawCross                        0x08003069   Thumb Code    60  bsp_xpt2046_lcd.o(.text)
    Command_Select_Color                     0x08003a13   Thumb Code     2  bsp_xpt2046_lcd.o(.text)
    Draw_Color_Button                        0x08003a15   Thumb Code   116  bsp_xpt2046_lcd.o(.text)
    .text                                    0x08003aec   Section        0  clock.o(.text)
    .text                                    0x08003b54   Section        0  components.o(.text)
    rti_start                                0x08003b55   Thumb Code     4  components.o(.text)
    rti_board_start                          0x08003b59   Thumb Code     4  components.o(.text)
    rti_board_end                            0x08003b5d   Thumb Code     4  components.o(.text)
    rti_end                                  0x08003b61   Thumb Code     4  components.o(.text)
    .text                                    0x08003c08   Section        0  idle.o(.text)
    rt_thread_idle_entry                     0x08003c7f   Thumb Code     6  idle.o(.text)
    _has_defunct_thread                      0x08003cb9   Thumb Code    16  idle.o(.text)
    .text                                    0x08003cdc   Section        0  ipc.o(.text)
    rt_ipc_list_suspend                      0x08003cdd   Thumb Code    92  ipc.o(.text)
    rt_ipc_list_resume_all                   0x08003d39   Thumb Code    46  ipc.o(.text)
    rt_list_insert_before                    0x080048a1   Thumb Code    14  ipc.o(.text)
    rt_list_isempty                          0x080048af   Thumb Code    14  ipc.o(.text)
    rt_ipc_list_resume                       0x080048bd   Thumb Code    14  ipc.o(.text)
    .text                                    0x080048cc   Section        0  irq.o(.text)
    .text                                    0x08004904   Section        0  kservice.o(.text)
    print_number                             0x08004b09   Thumb Code   292  kservice.o(.text)
    skip_atoi                                0x08004fb7   Thumb Code    40  kservice.o(.text)
    .text                                    0x08005078   Section        0  mem.o(.text)
    plug_holes                               0x08005079   Thumb Code    80  mem.o(.text)
    .text                                    0x08005448   Section        0  object.o(.text)
    rt_list_insert_after                     0x08005585   Thumb Code    14  object.o(.text)
    rt_list_remove                           0x08005593   Thumb Code    18  object.o(.text)
    .text                                    0x080055a8   Section        0  scheduler.o(.text)
    .text                                    0x0800573c   Section        0  thread.o(.text)
    _rt_thread_init                          0x080057ab   Thumb Code   114  thread.o(.text)
    rt_list_insert_after                     0x08005b13   Thumb Code    26  thread.o(.text)
    rt_list_remove                           0x08005b2d   Thumb Code    18  thread.o(.text)
    .text                                    0x08005b40   Section        0  timer.o(.text)
    _rt_timer_init                           0x08005b41   Thumb Code    38  timer.o(.text)
    rt_timer_list_next_timeout               0x08005b67   Thumb Code    24  timer.o(.text)
    rt_list_insert_after                     0x08005dc7   Thumb Code    14  timer.o(.text)
    rt_list_isempty                          0x08005dd5   Thumb Code    14  timer.o(.text)
    _rt_timer_remove                         0x08005de3   Thumb Code    34  timer.o(.text)
    .text                                    0x08005e08   Section      240  context_rvds.o(.text)
    .text                                    0x08005ef8   Section        0  cpuport.o(.text)
    .text                                    0x08006144   Section        0  rand.o(.text)
    .text                                    0x08006168   Section        0  memcpya.o(.text)
    .text                                    0x0800618c   Section        0  memseta.o(.text)
    .text                                    0x080061b0   Section        0  strlen.o(.text)
    .text                                    0x080061be   Section        0  fadd.o(.text)
    .text                                    0x0800626e   Section        0  fmul.o(.text)
    .text                                    0x080062d2   Section        0  fdiv.o(.text)
    .text                                    0x0800634e   Section        0  ddiv.o(.text)
    .text                                    0x0800642c   Section        0  fflti.o(.text)
    .text                                    0x0800643e   Section        0  ffixi.o(.text)
    .text                                    0x08006470   Section        0  ffixui.o(.text)
    .text                                    0x08006498   Section        0  f2d.o(.text)
    .text                                    0x080064be   Section        0  d2f.o(.text)
    .text                                    0x080064f6   Section        0  uidiv.o(.text)
    .text                                    0x08006522   Section        0  fepilogue.o(.text)
    .text                                    0x08006522   Section        0  iusefp.o(.text)
    .text                                    0x08006590   Section        0  depilogue.o(.text)
    .text                                    0x0800664c   Section       36  init.o(.text)
    .text                                    0x08006670   Section        0  llshl.o(.text)
    .text                                    0x0800668e   Section        0  llushr.o(.text)
    .text                                    0x080066ae   Section        0  __dczerorl2.o(.text)
    i.__0printf$6                            0x08006704   Section        0  printf6.o(i.__0printf$6)
    i.__0sprintf$6                           0x08006724   Section        0  printf6.o(i.__0sprintf$6)
    i.__scatterload_copy                     0x0800674c   Section       14  handlers.o(i.__scatterload_copy)
    i.__scatterload_null                     0x0800675a   Section        2  handlers.o(i.__scatterload_null)
    i.__scatterload_zeroinit                 0x0800675c   Section       14  handlers.o(i.__scatterload_zeroinit)
    i._printf_core                           0x0800676c   Section        0  printf6.o(i._printf_core)
    _printf_core                             0x0800676d   Thumb Code   748  printf6.o(i._printf_core)
    i._printf_post_padding                   0x08006a5c   Section        0  printf6.o(i._printf_post_padding)
    _printf_post_padding                     0x08006a5d   Thumb Code    36  printf6.o(i._printf_post_padding)
    i._printf_pre_padding                    0x08006a80   Section        0  printf6.o(i._printf_pre_padding)
    _printf_pre_padding                      0x08006a81   Thumb Code    46  printf6.o(i._printf_pre_padding)
    i._sputc                                 0x08006aae   Section        0  printf6.o(i._sputc)
    _sputc                                   0x08006aaf   Thumb Code    10  printf6.o(i._sputc)
    .constdata                               0x08006ab8   Section     1520  fonts.o(.constdata)
    .constdata                               0x080070a8   Section     4560  fonts.o(.constdata)
    .constdata                               0x08008278   Section       36  bsp_xpt2046_lcd.o(.constdata)
    .constdata                               0x0800829c   Section      290  kservice.o(.constdata)
    small_digits                             0x0800839c   Data          17  kservice.o(.constdata)
    large_digits                             0x080083ad   Data          17  kservice.o(.constdata)
    .conststring                             0x080083c0   Section       34  bsp_xpt2046_lcd.o(.conststring)
    .rti_fn.0                                0x080083e4   Section        4  components.o(.rti_fn.0)
    __tagsym$$used                           0x080083e4   Number         0  components.o(.rti_fn.0)
    .rti_fn.0.end                            0x080083e8   Section        4  components.o(.rti_fn.0.end)
    __tagsym$$used                           0x080083e8   Number         0  components.o(.rti_fn.0.end)
    .rti_fn.1.end                            0x080083ec   Section        4  components.o(.rti_fn.1.end)
    __tagsym$$used                           0x080083ec   Number         0  components.o(.rti_fn.1.end)
    .rti_fn.6.end                            0x080083f0   Section        4  components.o(.rti_fn.6.end)
    __tagsym$$used                           0x080083f0   Number         0  components.o(.rti_fn.6.end)
    .data                                    0x20000000   Section       20  system_stm32f10x.o(.data)
    .data                                    0x20000014   Section       20  stm32f10x_rcc.o(.data)
    ADCPrescTable                            0x20000014   Data           4  stm32f10x_rcc.o(.data)
    APBAHBPrescTable                         0x20000018   Data          16  stm32f10x_rcc.o(.data)
    .data                                    0x20000028   Section        4  main.o(.data)
    test_thread                              0x20000028   Data           4  main.o(.data)
    .data                                    0x2000002c   Section       16  bsp_ili9341_lcd.o(.data)
    CurrentTextColor                         0x20000032   Data           2  bsp_ili9341_lcd.o(.data)
    CurrentBackColor                         0x20000034   Data           2  bsp_ili9341_lcd.o(.data)
    LCD_Currentfonts                         0x20000038   Data           4  bsp_ili9341_lcd.o(.data)
    .data                                    0x2000003c   Section        8  fonts.o(.data)
    .data                                    0x20000044   Section        8  fonts.o(.data)
    .data                                    0x2000004c   Section        1  fonts.o(.data)
    everRead                                 0x2000004c   Data           1  fonts.o(.data)
    .data                                    0x20000050   Section        4  bsp_spi_flash.o(.data)
    SPITimeout                               0x20000050   Data           4  bsp_spi_flash.o(.data)
    .data                                    0x20000054   Section      260  bsp_xpt2046_lcd.o(.data)
    touch_state                              0x20000055   Data           1  bsp_xpt2046_lcd.o(.data)
    i                                        0x20000068   Data           4  bsp_xpt2046_lcd.o(.data)
    cinfo                                    0x2000006c   Data           8  bsp_xpt2046_lcd.o(.data)
    .data                                    0x20000158   Section        4  clock.o(.data)
    rt_tick                                  0x20000158   Data           4  clock.o(.data)
    .data                                    0x2000015c   Section        1  irq.o(.data)
    .data                                    0x20000160   Section        4  kservice.o(.data)
    __rt_errno                               0x20000160   Data           4  kservice.o(.data)
    .data                                    0x20000164   Section       24  mem.o(.data)
    heap_ptr                                 0x20000164   Data           4  mem.o(.data)
    heap_end                                 0x20000168   Data           4  mem.o(.data)
    lfree                                    0x2000016c   Data           4  mem.o(.data)
    mem_size_aligned                         0x20000170   Data           4  mem.o(.data)
    used_mem                                 0x20000174   Data           4  mem.o(.data)
    max_mem                                  0x20000178   Data           4  mem.o(.data)
    .data                                    0x2000017c   Section      128  object.o(.data)
    rt_object_container                      0x2000017c   Data         128  object.o(.data)
    .data                                    0x200001fc   Section       20  scheduler.o(.data)
    rt_scheduler_lock_nest                   0x200001fe   Data           2  scheduler.o(.data)
    .data                                    0x20000210   Section       12  timer.o(.data)
    random_nr                                0x20000210   Data           4  timer.o(.data)
    rt_timer_list                            0x20000214   Data           8  timer.o(.data)
    .data                                    0x2000021c   Section        4  cpuport.o(.data)
    rt_exception_hook                        0x2000021c   Data           4  cpuport.o(.data)
    .data                                    0x20000220   Section        4  cpuport.o(.data)
    .data                                    0x20000224   Section        4  cpuport.o(.data)
    .data                                    0x20000228   Section        4  cpuport.o(.data)
    .data                                    0x2000022c   Section        4  rand.o(.data)
    _rand_state                              0x2000022c   Data           4  rand.o(.data)
    .data                                    0x20000230   Section        4  stdout.o(.data)
    .bss                                     0x20000234   Section     4096  board.o(.bss)
    rt_heap                                  0x20000234   Data        4096  board.o(.bss)
    .bss                                     0x20001234   Section     5000  bsp_usart.o(.bss)
    .bss                                     0x200025bc   Section    17408  bsp_ili9341_lcd.o(.bss)
    .bss                                     0x200069bc   Section       24  bsp_xpt2046_lcd.o(.bss)
    .bss                                     0x200069d4   Section      384  idle.o(.bss)
    idle                                     0x200069d4   Data         128  idle.o(.bss)
    rt_thread_stack                          0x20006a54   Data         256  idle.o(.bss)
    .bss                                     0x20006b54   Section      128  kservice.o(.bss)
    rt_log_buf                               0x20006b54   Data         128  kservice.o(.bss)
    .bss                                     0x20006bd4   Section       32  mem.o(.bss)
    heap_sem                                 0x20006bd4   Data          32  mem.o(.bss)
    .bss                                     0x20006bf4   Section       64  scheduler.o(.bss)
    STACK                                    0x20006c38   Section     1024  startup_stm32f10x_hd.o(STACK)

    Global Symbols

    Symbol Name                              Value     Ov Type        Size  Object(Section)

    BuildAttributes$$THM_ISAv4$P$D$K$B$S$PE$A:L22UL41UL21$X:L11$S22US41US21$IEEE1$IW$USESV6$~STKCKD$USESV7$~SHL$OTIME$ROPI$EBA8$MICROLIB$REQ8$PRES8$EABIv2 0x00000000   Number         0  anon$$obj.o ABSOLUTE
    __ARM_use_no_argv                        0x00000000   Number         0  main.o ABSOLUTE
    _printf_a                                0x00000000   Number         0  stubs.o ABSOLUTE
    _printf_c                                0x00000000   Number         0  stubs.o ABSOLUTE
    _printf_charcount                        0x00000000   Number         0  stubs.o ABSOLUTE
    _printf_d                                0x00000000   Number         0  stubs.o ABSOLUTE
    _printf_e                                0x00000000   Number         0  stubs.o ABSOLUTE
    _printf_f                                0x00000000   Number         0  stubs.o ABSOLUTE
    _printf_flags                            0x00000000   Number         0  stubs.o ABSOLUTE
    _printf_fp_dec                           0x00000000   Number         0  stubs.o ABSOLUTE
    _printf_fp_hex                           0x00000000   Number         0  stubs.o ABSOLUTE
    _printf_g                                0x00000000   Number         0  stubs.o ABSOLUTE
    _printf_i                                0x00000000   Number         0  stubs.o ABSOLUTE
    _printf_int_dec                          0x00000000   Number         0  stubs.o ABSOLUTE
    _printf_l                                0x00000000   Number         0  stubs.o ABSOLUTE
    _printf_lc                               0x00000000   Number         0  stubs.o ABSOLUTE
    _printf_ll                               0x00000000   Number         0  stubs.o ABSOLUTE
    _printf_lld                              0x00000000   Number         0  stubs.o ABSOLUTE
    _printf_lli                              0x00000000   Number         0  stubs.o ABSOLUTE
    _printf_llo                              0x00000000   Number         0  stubs.o ABSOLUTE
    _printf_llu                              0x00000000   Number         0  stubs.o ABSOLUTE
    _printf_llx                              0x00000000   Number         0  stubs.o ABSOLUTE
    _printf_longlong_dec                     0x00000000   Number         0  stubs.o ABSOLUTE
    _printf_longlong_hex                     0x00000000   Number         0  stubs.o ABSOLUTE
    _printf_longlong_oct                     0x00000000   Number         0  stubs.o ABSOLUTE
    _printf_ls                               0x00000000   Number         0  stubs.o ABSOLUTE
    _printf_mbtowc                           0x00000000   Number         0  stubs.o ABSOLUTE
    _printf_n                                0x00000000   Number         0  stubs.o ABSOLUTE
    _printf_o                                0x00000000   Number         0  stubs.o ABSOLUTE
    _printf_p                                0x00000000   Number         0  stubs.o ABSOLUTE
    _printf_percent                          0x00000000   Number         0  stubs.o ABSOLUTE
    _printf_pre_padding                      0x00000000   Number         0  stubs.o ABSOLUTE
    _printf_return_value                     0x00000000   Number         0  stubs.o ABSOLUTE
    _printf_s                                0x00000000   Number         0  stubs.o ABSOLUTE
    _printf_sizespec                         0x00000000   Number         0  stubs.o ABSOLUTE
    _printf_str                              0x00000000   Number         0  stubs.o ABSOLUTE
    _printf_truncate_signed                  0x00000000   Number         0  stubs.o ABSOLUTE
    _printf_truncate_unsigned                0x00000000   Number         0  stubs.o ABSOLUTE
    _printf_u                                0x00000000   Number         0  stubs.o ABSOLUTE
    _printf_wc                               0x00000000   Number         0  stubs.o ABSOLUTE
    _printf_wctomb                           0x00000000   Number         0  stubs.o ABSOLUTE
    _printf_widthprec                        0x00000000   Number         0  stubs.o ABSOLUTE
    _printf_x                                0x00000000   Number         0  stubs.o ABSOLUTE
    __cpp_initialize__aeabi_                  - Undefined Weak Reference
    __cxa_finalize                            - Undefined Weak Reference
    _clock_init                               - Undefined Weak Reference
    _microlib_exit                            - Undefined Weak Reference
    __Vectors_Size                           0x00000130   Number         0  startup_stm32f10x_hd.o ABSOLUTE
    __Vectors                                0x08000000   Data           4  startup_stm32f10x_hd.o(RESET)
    __Vectors_End                            0x08000130   Data           0  startup_stm32f10x_hd.o(RESET)
    __main                                   0x08000131   Thumb Code     0  entry.o(.ARM.Collect$$$$00000000)
    _main_stk                                0x08000131   Thumb Code     0  entry2.o(.ARM.Collect$$$$00000001)
    _main_scatterload                        0x08000135   Thumb Code     0  entry5.o(.ARM.Collect$$$$00000004)
    __main_after_scatterload                 0x08000139   Thumb Code     0  entry5.o(.ARM.Collect$$$$00000004)
    _main_clock                              0x08000139   Thumb Code     0  entry7b.o(.ARM.Collect$$$$00000008)
    _main_cpp_init                           0x08000139   Thumb Code     0  entry8b.o(.ARM.Collect$$$$0000000A)
    _main_init                               0x08000139   Thumb Code     0  entry9a.o(.ARM.Collect$$$$0000000B)
    __rt_final_cpp                           0x08000141   Thumb Code     0  entry10a.o(.ARM.Collect$$$$0000000D)
    __rt_final_exit                          0x08000141   Thumb Code     0  entry11a.o(.ARM.Collect$$$$0000000F)
    Reset_Handler                            0x08000145   Thumb Code     8  startup_stm32f10x_hd.o(.text)
    NMI_Handler                              0x0800014d   Thumb Code     2  startup_stm32f10x_hd.o(.text)
    MemManage_Handler                        0x08000151   Thumb Code     2  startup_stm32f10x_hd.o(.text)
    BusFault_Handler                         0x08000153   Thumb Code     2  startup_stm32f10x_hd.o(.text)
    UsageFault_Handler                       0x08000155   Thumb Code     2  startup_stm32f10x_hd.o(.text)
    SVC_Handler                              0x08000157   Thumb Code     2  startup_stm32f10x_hd.o(.text)
    DebugMon_Handler                         0x08000159   Thumb Code     2  startup_stm32f10x_hd.o(.text)
    ADC1_2_IRQHandler                        0x0800015f   Thumb Code     0  startup_stm32f10x_hd.o(.text)
    ADC3_IRQHandler                          0x0800015f   Thumb Code     0  startup_stm32f10x_hd.o(.text)
    CAN1_RX1_IRQHandler                      0x0800015f   Thumb Code     0  startup_stm32f10x_hd.o(.text)
    CAN1_SCE_IRQHandler                      0x0800015f   Thumb Code     0  startup_stm32f10x_hd.o(.text)
    DMA1_Channel1_IRQHandler                 0x0800015f   Thumb Code     0  startup_stm32f10x_hd.o(.text)
    DMA1_Channel2_IRQHandler                 0x0800015f   Thumb Code     0  startup_stm32f10x_hd.o(.text)
    DMA1_Channel3_IRQHandler                 0x0800015f   Thumb Code     0  startup_stm32f10x_hd.o(.text)
    DMA1_Channel4_IRQHandler                 0x0800015f   Thumb Code     0  startup_stm32f10x_hd.o(.text)
    DMA1_Channel5_IRQHandler                 0x0800015f   Thumb Code     0  startup_stm32f10x_hd.o(.text)
    DMA1_Channel6_IRQHandler                 0x0800015f   Thumb Code     0  startup_stm32f10x_hd.o(.text)
    DMA1_Channel7_IRQHandler                 0x0800015f   Thumb Code     0  startup_stm32f10x_hd.o(.text)
    DMA2_Channel1_IRQHandler                 0x0800015f   Thumb Code     0  startup_stm32f10x_hd.o(.text)
    DMA2_Channel2_IRQHandler                 0x0800015f   Thumb Code     0  startup_stm32f10x_hd.o(.text)
    DMA2_Channel3_IRQHandler                 0x0800015f   Thumb Code     0  startup_stm32f10x_hd.o(.text)
    DMA2_Channel4_5_IRQHandler               0x0800015f   Thumb Code     0  startup_stm32f10x_hd.o(.text)
    EXTI0_IRQHandler                         0x0800015f   Thumb Code     0  startup_stm32f10x_hd.o(.text)
    EXTI15_10_IRQHandler                     0x0800015f   Thumb Code     0  startup_stm32f10x_hd.o(.text)
    EXTI1_IRQHandler                         0x0800015f   Thumb Code     0  startup_stm32f10x_hd.o(.text)
    EXTI2_IRQHandler                         0x0800015f   Thumb Code     0  startup_stm32f10x_hd.o(.text)
    EXTI3_IRQHandler                         0x0800015f   Thumb Code     0  startup_stm32f10x_hd.o(.text)
    EXTI4_IRQHandler                         0x0800015f   Thumb Code     0  startup_stm32f10x_hd.o(.text)
    EXTI9_5_IRQHandler                       0x0800015f   Thumb Code     0  startup_stm32f10x_hd.o(.text)
    FLASH_IRQHandler                         0x0800015f   Thumb Code     0  startup_stm32f10x_hd.o(.text)
    FSMC_IRQHandler                          0x0800015f   Thumb Code     0  startup_stm32f10x_hd.o(.text)
    I2C1_ER_IRQHandler                       0x0800015f   Thumb Code     0  startup_stm32f10x_hd.o(.text)
    I2C1_EV_IRQHandler                       0x0800015f   Thumb Code     0  startup_stm32f10x_hd.o(.text)
    I2C2_ER_IRQHandler                       0x0800015f   Thumb Code     0  startup_stm32f10x_hd.o(.text)
    I2C2_EV_IRQHandler                       0x0800015f   Thumb Code     0  startup_stm32f10x_hd.o(.text)
    PVD_IRQHandler                           0x0800015f   Thumb Code     0  startup_stm32f10x_hd.o(.text)
    RCC_IRQHandler                           0x0800015f   Thumb Code     0  startup_stm32f10x_hd.o(.text)
    RTCAlarm_IRQHandler                      0x0800015f   Thumb Code     0  startup_stm32f10x_hd.o(.text)
    RTC_IRQHandler                           0x0800015f   Thumb Code     0  startup_stm32f10x_hd.o(.text)
    SDIO_IRQHandler                          0x0800015f   Thumb Code     0  startup_stm32f10x_hd.o(.text)
    SPI1_IRQHandler                          0x0800015f   Thumb Code     0  startup_stm32f10x_hd.o(.text)
    SPI2_IRQHandler                          0x0800015f   Thumb Code     0  startup_stm32f10x_hd.o(.text)
    SPI3_IRQHandler                          0x0800015f   Thumb Code     0  startup_stm32f10x_hd.o(.text)
    TAMPER_IRQHandler                        0x0800015f   Thumb Code     0  startup_stm32f10x_hd.o(.text)
    TIM1_BRK_IRQHandler                      0x0800015f   Thumb Code     0  startup_stm32f10x_hd.o(.text)
    TIM1_CC_IRQHandler                       0x0800015f   Thumb Code     0  startup_stm32f10x_hd.o(.text)
    TIM1_TRG_COM_IRQHandler                  0x0800015f   Thumb Code     0  startup_stm32f10x_hd.o(.text)
    TIM1_UP_IRQHandler                       0x0800015f   Thumb Code     0  startup_stm32f10x_hd.o(.text)
    TIM2_IRQHandler                          0x0800015f   Thumb Code     0  startup_stm32f10x_hd.o(.text)
    TIM3_IRQHandler                          0x0800015f   Thumb Code     0  startup_stm32f10x_hd.o(.text)
    TIM4_IRQHandler                          0x0800015f   Thumb Code     0  startup_stm32f10x_hd.o(.text)
    TIM5_IRQHandler                          0x0800015f   Thumb Code     0  startup_stm32f10x_hd.o(.text)
    TIM6_IRQHandler                          0x0800015f   Thumb Code     0  startup_stm32f10x_hd.o(.text)
    TIM7_IRQHandler                          0x0800015f   Thumb Code     0  startup_stm32f10x_hd.o(.text)
    TIM8_BRK_IRQHandler                      0x0800015f   Thumb Code     0  startup_stm32f10x_hd.o(.text)
    TIM8_CC_IRQHandler                       0x0800015f   Thumb Code     0  startup_stm32f10x_hd.o(.text)
    TIM8_TRG_COM_IRQHandler                  0x0800015f   Thumb Code     0  startup_stm32f10x_hd.o(.text)
    TIM8_UP_IRQHandler                       0x0800015f   Thumb Code     0  startup_stm32f10x_hd.o(.text)
    UART4_IRQHandler                         0x0800015f   Thumb Code     0  startup_stm32f10x_hd.o(.text)
    UART5_IRQHandler                         0x0800015f   Thumb Code     0  startup_stm32f10x_hd.o(.text)
    USART1_IRQHandler                        0x0800015f   Thumb Code     0  startup_stm32f10x_hd.o(.text)
    USART2_IRQHandler                        0x0800015f   Thumb Code     0  startup_stm32f10x_hd.o(.text)
    USART3_IRQHandler                        0x0800015f   Thumb Code     0  startup_stm32f10x_hd.o(.text)
    USBWakeUp_IRQHandler                     0x0800015f   Thumb Code     0  startup_stm32f10x_hd.o(.text)
    USB_HP_CAN1_TX_IRQHandler                0x0800015f   Thumb Code     0  startup_stm32f10x_hd.o(.text)
    USB_LP_CAN1_RX0_IRQHandler               0x0800015f   Thumb Code     0  startup_stm32f10x_hd.o(.text)
    WWDG_IRQHandler                          0x0800015f   Thumb Code     0  startup_stm32f10x_hd.o(.text)
    SystemInit                               0x08000211   Thumb Code    64  system_stm32f10x.o(.text)
    SystemCoreClockUpdate                    0x08000251   Thumb Code   106  system_stm32f10x.o(.text)
    DMA_DeInit                               0x080002dd   Thumb Code   238  stm32f10x_dma.o(.text)
    DMA_Init                                 0x080003cb   Thumb Code    58  stm32f10x_dma.o(.text)
    DMA_StructInit                           0x08000405   Thumb Code    26  stm32f10x_dma.o(.text)
    DMA_Cmd                                  0x0800041f   Thumb Code    26  stm32f10x_dma.o(.text)
    DMA_ITConfig                             0x08000439   Thumb Code    20  stm32f10x_dma.o(.text)
    DMA_SetCurrDataCounter                   0x0800044d   Thumb Code     4  stm32f10x_dma.o(.text)
    DMA_GetCurrDataCounter                   0x08000451   Thumb Code     6  stm32f10x_dma.o(.text)
    DMA_GetFlagStatus                        0x08000457   Thumb Code    30  stm32f10x_dma.o(.text)
    DMA_ClearFlag                            0x08000475   Thumb Code    20  stm32f10x_dma.o(.text)
    DMA_GetITStatus                          0x08000489   Thumb Code    30  stm32f10x_dma.o(.text)
    DMA_ClearITPendingBit                    0x080004a7   Thumb Code    20  stm32f10x_dma.o(.text)
    FSMC_NORSRAMDeInit                       0x080004c5   Thumb Code    48  stm32f10x_fsmc.o(.text)
    FSMC_NANDDeInit                          0x080004f5   Thumb Code    40  stm32f10x_fsmc.o(.text)
    FSMC_PCCARDDeInit                        0x0800051d   Thumb Code    22  stm32f10x_fsmc.o(.text)
    FSMC_NORSRAMInit                         0x08000533   Thumb Code   202  stm32f10x_fsmc.o(.text)
    FSMC_NANDInit                            0x080005fd   Thumb Code   104  stm32f10x_fsmc.o(.text)
    FSMC_PCCARDInit                          0x08000665   Thumb Code    98  stm32f10x_fsmc.o(.text)
    FSMC_NORSRAMStructInit                   0x080006c7   Thumb Code    98  stm32f10x_fsmc.o(.text)
    FSMC_NANDStructInit                      0x08000729   Thumb Code    54  stm32f10x_fsmc.o(.text)
    FSMC_PCCARDStructInit                    0x0800075f   Thumb Code    60  stm32f10x_fsmc.o(.text)
    FSMC_NORSRAMCmd                          0x0800079b   Thumb Code    30  stm32f10x_fsmc.o(.text)
    FSMC_NANDCmd                             0x080007b9   Thumb Code    60  stm32f10x_fsmc.o(.text)
    FSMC_PCCARDCmd                           0x080007f5   Thumb Code    34  stm32f10x_fsmc.o(.text)
    FSMC_NANDECCCmd                          0x08000817   Thumb Code    60  stm32f10x_fsmc.o(.text)
    FSMC_GetECC                              0x08000853   Thumb Code    18  stm32f10x_fsmc.o(.text)
    FSMC_ITConfig                            0x08000865   Thumb Code    86  stm32f10x_fsmc.o(.text)
    FSMC_GetFlagStatus                       0x080008bb   Thumb Code    40  stm32f10x_fsmc.o(.text)
    FSMC_ClearFlag                           0x080008e3   Thumb Code    52  stm32f10x_fsmc.o(.text)
    FSMC_GetITStatus                         0x08000917   Thumb Code    52  stm32f10x_fsmc.o(.text)
    FSMC_ClearITPendingBit                   0x0800094b   Thumb Code    48  stm32f10x_fsmc.o(.text)
    GPIO_DeInit                              0x0800097d   Thumb Code   188  stm32f10x_gpio.o(.text)
    GPIO_AFIODeInit                          0x08000a39   Thumb Code    22  stm32f10x_gpio.o(.text)
    GPIO_Init                                0x08000a4f   Thumb Code   166  stm32f10x_gpio.o(.text)
    GPIO_StructInit                          0x08000af5   Thumb Code    16  stm32f10x_gpio.o(.text)
    GPIO_ReadInputDataBit                    0x08000b05   Thumb Code    14  stm32f10x_gpio.o(.text)
    GPIO_ReadInputData                       0x08000b13   Thumb Code     6  stm32f10x_gpio.o(.text)
    GPIO_ReadOutputDataBit                   0x08000b19   Thumb Code    14  stm32f10x_gpio.o(.text)
    GPIO_ReadOutputData                      0x08000b27   Thumb Code     6  stm32f10x_gpio.o(.text)
    GPIO_SetBits                             0x08000b2d   Thumb Code     4  stm32f10x_gpio.o(.text)
    GPIO_ResetBits                           0x08000b31   Thumb Code     4  stm32f10x_gpio.o(.text)
    GPIO_WriteBit                            0x08000b35   Thumb Code    12  stm32f10x_gpio.o(.text)
    GPIO_Write                               0x08000b41   Thumb Code     4  stm32f10x_gpio.o(.text)
    GPIO_PinLockConfig                       0x08000b45   Thumb Code    16  stm32f10x_gpio.o(.text)
    GPIO_EventOutputConfig                   0x08000b55   Thumb Code    22  stm32f10x_gpio.o(.text)
    GPIO_EventOutputCmd                      0x08000b6b   Thumb Code     6  stm32f10x_gpio.o(.text)
    GPIO_PinRemapConfig                      0x08000b71   Thumb Code    86  stm32f10x_gpio.o(.text)
    GPIO_EXTILineConfig                      0x08000bc7   Thumb Code    34  stm32f10x_gpio.o(.text)
    GPIO_ETH_MediaInterfaceConfig            0x08000be9   Thumb Code     8  stm32f10x_gpio.o(.text)
    RCC_DeInit                               0x08000c15   Thumb Code    50  stm32f10x_rcc.o(.text)
    RCC_HSEConfig                            0x08000c47   Thumb Code    50  stm32f10x_rcc.o(.text)
    RCC_GetFlagStatus                        0x08000c79   Thumb Code    42  stm32f10x_rcc.o(.text)
    RCC_WaitForHSEStartUp                    0x08000ca3   Thumb Code    48  stm32f10x_rcc.o(.text)
    RCC_AdjustHSICalibrationValue            0x08000cd3   Thumb Code    16  stm32f10x_rcc.o(.text)
    RCC_HSICmd                               0x08000ce3   Thumb Code     6  stm32f10x_rcc.o(.text)
    RCC_PLLConfig                            0x08000ce9   Thumb Code    16  stm32f10x_rcc.o(.text)
    RCC_PLLCmd                               0x08000cf9   Thumb Code     6  stm32f10x_rcc.o(.text)
    RCC_SYSCLKConfig                         0x08000cff   Thumb Code    14  stm32f10x_rcc.o(.text)
    RCC_GetSYSCLKSource                      0x08000d0d   Thumb Code    10  stm32f10x_rcc.o(.text)
    RCC_HCLKConfig                           0x08000d17   Thumb Code    14  stm32f10x_rcc.o(.text)
    RCC_PCLK1Config                          0x08000d25   Thumb Code    14  stm32f10x_rcc.o(.text)
    RCC_PCLK2Config                          0x08000d33   Thumb Code    16  stm32f10x_rcc.o(.text)
    RCC_ITConfig                             0x08000d43   Thumb Code    22  stm32f10x_rcc.o(.text)
    RCC_USBCLKConfig                         0x08000d59   Thumb Code     8  stm32f10x_rcc.o(.text)
    RCC_ADCCLKConfig                         0x08000d61   Thumb Code    14  stm32f10x_rcc.o(.text)
    RCC_LSEConfig                            0x08000d6f   Thumb Code    36  stm32f10x_rcc.o(.text)
    RCC_LSICmd                               0x08000d93   Thumb Code     6  stm32f10x_rcc.o(.text)
    RCC_RTCCLKConfig                         0x08000d99   Thumb Code    10  stm32f10x_rcc.o(.text)
    RCC_RTCCLKCmd                            0x08000da3   Thumb Code     8  stm32f10x_rcc.o(.text)
    RCC_GetClocksFreq                        0x08000dab   Thumb Code   154  stm32f10x_rcc.o(.text)
    RCC_AHBPeriphClockCmd                    0x08000e45   Thumb Code    22  stm32f10x_rcc.o(.text)
    RCC_APB2PeriphClockCmd                   0x08000e5b   Thumb Code    22  stm32f10x_rcc.o(.text)
    RCC_APB1PeriphClockCmd                   0x08000e71   Thumb Code    22  stm32f10x_rcc.o(.text)
    RCC_APB2PeriphResetCmd                   0x08000e87   Thumb Code    22  stm32f10x_rcc.o(.text)
    RCC_APB1PeriphResetCmd                   0x08000e9d   Thumb Code    22  stm32f10x_rcc.o(.text)
    RCC_BackupResetCmd                       0x08000eb3   Thumb Code     8  stm32f10x_rcc.o(.text)
    RCC_ClockSecuritySystemCmd               0x08000ebb   Thumb Code     6  stm32f10x_rcc.o(.text)
    RCC_MCOConfig                            0x08000ec1   Thumb Code     6  stm32f10x_rcc.o(.text)
    RCC_ClearFlag                            0x08000ec7   Thumb Code    12  stm32f10x_rcc.o(.text)
    RCC_GetITStatus                          0x08000ed3   Thumb Code    16  stm32f10x_rcc.o(.text)
    RCC_ClearITPendingBit                    0x08000ee3   Thumb Code     6  stm32f10x_rcc.o(.text)
    SPI_I2S_DeInit                           0x08000f09   Thumb Code    88  stm32f10x_spi.o(.text)
    SPI_Init                                 0x08000f61   Thumb Code    56  stm32f10x_spi.o(.text)
    I2S_Init                                 0x08000f99   Thumb Code   168  stm32f10x_spi.o(.text)
    SPI_StructInit                           0x08001041   Thumb Code    24  stm32f10x_spi.o(.text)
    I2S_StructInit                           0x08001059   Thumb Code    18  stm32f10x_spi.o(.text)
    SPI_Cmd                                  0x0800106b   Thumb Code    24  stm32f10x_spi.o(.text)
    I2S_Cmd                                  0x08001083   Thumb Code    24  stm32f10x_spi.o(.text)
    SPI_I2S_ITConfig                         0x0800109b   Thumb Code    28  stm32f10x_spi.o(.text)
    SPI_I2S_DMACmd                           0x080010b7   Thumb Code    20  stm32f10x_spi.o(.text)
    SPI_I2S_SendData                         0x080010cb   Thumb Code     4  stm32f10x_spi.o(.text)
    SPI_I2S_ReceiveData                      0x080010cf   Thumb Code     4  stm32f10x_spi.o(.text)
    SPI_NSSInternalSoftwareConfig            0x080010d3   Thumb Code    28  stm32f10x_spi.o(.text)
    SPI_SSOutputCmd                          0x080010ef   Thumb Code    24  stm32f10x_spi.o(.text)
    SPI_DataSizeConfig                       0x08001107   Thumb Code    16  stm32f10x_spi.o(.text)
    SPI_TransmitCRC                          0x08001117   Thumb Code    10  stm32f10x_spi.o(.text)
    SPI_CalculateCRC                         0x08001121   Thumb Code    24  stm32f10x_spi.o(.text)
    SPI_GetCRC                               0x08001139   Thumb Code    12  stm32f10x_spi.o(.text)
    SPI_GetCRCPolynomial                     0x08001145   Thumb Code     4  stm32f10x_spi.o(.text)
    SPI_BiDirectionalLineConfig              0x08001149   Thumb Code    26  stm32f10x_spi.o(.text)
    SPI_I2S_GetFlagStatus                    0x08001163   Thumb Code    14  stm32f10x_spi.o(.text)
    SPI_I2S_ClearFlag                        0x08001171   Thumb Code     6  stm32f10x_spi.o(.text)
    SPI_I2S_GetITStatus                      0x08001177   Thumb Code    44  stm32f10x_spi.o(.text)
    SPI_I2S_ClearITPendingBit                0x080011a3   Thumb Code    14  stm32f10x_spi.o(.text)
    USART_DeInit                             0x080011bd   Thumb Code   144  stm32f10x_usart.o(.text)
    USART_Init                               0x0800124d   Thumb Code   182  stm32f10x_usart.o(.text)
    USART_StructInit                         0x08001303   Thumb Code    22  stm32f10x_usart.o(.text)
    USART_ClockInit                          0x08001319   Thumb Code    30  stm32f10x_usart.o(.text)
    USART_ClockStructInit                    0x08001337   Thumb Code    12  stm32f10x_usart.o(.text)
    USART_Cmd                                0x08001343   Thumb Code    24  stm32f10x_usart.o(.text)
    USART_ITConfig                           0x0800135b   Thumb Code    54  stm32f10x_usart.o(.text)
    USART_DMACmd                             0x08001391   Thumb Code    20  stm32f10x_usart.o(.text)
    USART_SetAddress                         0x080013a5   Thumb Code    16  stm32f10x_usart.o(.text)
    USART_WakeUpConfig                       0x080013b5   Thumb Code    16  stm32f10x_usart.o(.text)
    USART_ReceiverWakeUpCmd                  0x080013c5   Thumb Code    24  stm32f10x_usart.o(.text)
    USART_LINBreakDetectLengthConfig         0x080013dd   Thumb Code    16  stm32f10x_usart.o(.text)
    USART_LINCmd                             0x080013ed   Thumb Code    24  stm32f10x_usart.o(.text)
    USART_SendData                           0x08001405   Thumb Code     8  stm32f10x_usart.o(.text)
    USART_ReceiveData                        0x0800140d   Thumb Code     8  stm32f10x_usart.o(.text)
    USART_SendBreak                          0x08001415   Thumb Code    10  stm32f10x_usart.o(.text)
    USART_SetGuardTime                       0x0800141f   Thumb Code    16  stm32f10x_usart.o(.text)
    USART_SetPrescaler                       0x0800142f   Thumb Code    16  stm32f10x_usart.o(.text)
    USART_SmartCardCmd                       0x0800143f   Thumb Code    24  stm32f10x_usart.o(.text)
    USART_SmartCardNACKCmd                   0x08001457   Thumb Code    24  stm32f10x_usart.o(.text)
    USART_HalfDuplexCmd                      0x0800146f   Thumb Code    24  stm32f10x_usart.o(.text)
    USART_OverSampling8Cmd                   0x08001487   Thumb Code    24  stm32f10x_usart.o(.text)
    USART_OneBitMethodCmd                    0x0800149f   Thumb Code    24  stm32f10x_usart.o(.text)
    USART_IrDAConfig                         0x080014b7   Thumb Code    16  stm32f10x_usart.o(.text)
    USART_IrDACmd                            0x080014c7   Thumb Code    24  stm32f10x_usart.o(.text)
    USART_GetFlagStatus                      0x080014df   Thumb Code    14  stm32f10x_usart.o(.text)
    USART_ClearFlag                          0x080014ed   Thumb Code     8  stm32f10x_usart.o(.text)
    USART_GetITStatus                        0x080014f5   Thumb Code    64  stm32f10x_usart.o(.text)
    USART_ClearITPendingBit                  0x08001535   Thumb Code    16  stm32f10x_usart.o(.text)
    rt_heap_begin_get                        0x08001559   Thumb Code     4  board.o(.text)
    rt_heap_end_get                          0x0800155d   Thumb Code     4  board.o(.text)
    rt_hw_board_init                         0x08001561   Thumb Code   112  board.o(.text)
    SysTick_Handler                          0x080015d1   Thumb Code    18  board.o(.text)
    rt_hw_console_output                     0x080015e3   Thumb Code    72  board.o(.text)
    $Super$$main                             0x080016b1   Thumb Code    44  main.o(.text)
    LED_GPIO_Config                          0x08001705   Thumb Code    92  bsp_led.o(.text)
    USART_Config                             0x08001765   Thumb Code   122  bsp_usart.o(.text)
    Usart_SendByte                           0x080017df   Thumb Code    24  bsp_usart.o(.text)
    Usart_SendArray                          0x080017f7   Thumb Code    46  bsp_usart.o(.text)
    Usart_SendString                         0x08001825   Thumb Code    38  bsp_usart.o(.text)
    Usart_SendHalfWord                       0x0800184b   Thumb Code    50  bsp_usart.o(.text)
    fputc                                    0x0800187d   Thumb Code    30  bsp_usart.o(.text)
    fgetc                                    0x0800189b   Thumb Code    26  bsp_usart.o(.text)
    USARTx_DMA_Config                        0x080018b5   Thumb Code    74  bsp_usart.o(.text)
    ILI9341_GramScan                         0x08001c51   Thumb Code   102  bsp_ili9341_lcd.o(.text)
    ILI9341_Rst                              0x08001cb7   Thumb Code    38  bsp_ili9341_lcd.o(.text)
    ILI9341_BackLed_Control                  0x08001cdd   Thumb Code    22  bsp_ili9341_lcd.o(.text)
    ILI9341_Init                             0x08001cf3   Thumb Code    34  bsp_ili9341_lcd.o(.text)
    ILI9341_OpenWindow                       0x08001d15   Thumb Code    80  bsp_ili9341_lcd.o(.text)
    ILI9341_Clear                            0x08001d6b   Thumb Code    30  bsp_ili9341_lcd.o(.text)
    ILI9341_SetPointPixel                    0x08001d89   Thumb Code    34  bsp_ili9341_lcd.o(.text)
    ILI9341_GetPointPixel                    0x08001dcd   Thumb Code    12  bsp_ili9341_lcd.o(.text)
    ILI9341_DrawLine                         0x08001dd9   Thumb Code   156  bsp_ili9341_lcd.o(.text)
    ILI9341_DrawRectangle                    0x08001e75   Thumb Code   104  bsp_ili9341_lcd.o(.text)
    ILI9341_DrawCircle                       0x08001edd   Thumb Code   336  bsp_ili9341_lcd.o(.text)
    ILI9341_DispChar_EN                      0x0800202d   Thumb Code    96  bsp_ili9341_lcd.o(.text)
    ILI9341_DispStringLine_EN                0x0800208d   Thumb Code    72  bsp_ili9341_lcd.o(.text)
    ILI9341_DispString_EN                    0x080020d5   Thumb Code    72  bsp_ili9341_lcd.o(.text)
    ILI9341_DispString_EN_YDir               0x0800211d   Thumb Code    80  bsp_ili9341_lcd.o(.text)
    ILI9341_DispChar_CH                      0x0800216d   Thumb Code   104  bsp_ili9341_lcd.o(.text)
    ILI9341_DispString_CH                    0x080021d5   Thumb Code    76  bsp_ili9341_lcd.o(.text)
    ILI9341_DispStringLine_EN_CH             0x08002221   Thumb Code   134  bsp_ili9341_lcd.o(.text)
    ILI9341_DispString_EN_CH                 0x080022a7   Thumb Code   134  bsp_ili9341_lcd.o(.text)
    ILI9341_DispString_EN_CH_YDir            0x0800232d   Thumb Code    96  bsp_ili9341_lcd.o(.text)
    ILI9341_zoomChar                         0x0800238d   Thumb Code   242  bsp_ili9341_lcd.o(.text)
    ILI9341_DrawChar_Ex                      0x0800247f   Thumb Code    70  bsp_ili9341_lcd.o(.text)
    ILI9341_DisplayStringEx                  0x080024c5   Thumb Code   234  bsp_ili9341_lcd.o(.text)
    ILI9341_DisplayStringEx_YDir             0x080025af   Thumb Code   210  bsp_ili9341_lcd.o(.text)
    LCD_SetFont                              0x08002681   Thumb Code     6  bsp_ili9341_lcd.o(.text)
    LCD_GetFont                              0x08002687   Thumb Code     6  bsp_ili9341_lcd.o(.text)
    LCD_SetColors                            0x0800268d   Thumb Code     8  bsp_ili9341_lcd.o(.text)
    LCD_GetColors                            0x08002695   Thumb Code    12  bsp_ili9341_lcd.o(.text)
    LCD_SetTextColor                         0x080026a1   Thumb Code     6  bsp_ili9341_lcd.o(.text)
    LCD_SetBackColor                         0x080026a7   Thumb Code     6  bsp_ili9341_lcd.o(.text)
    LCD_ClearLine                            0x080026ad   Thumb Code    24  bsp_ili9341_lcd.o(.text)
    GetGBKCode_from_EXFlash                  0x080026ed   Thumb Code    68  fonts.o(.text)
    SPI_FLASH_Init                           0x08002739   Thumb Code   178  bsp_spi_flash.o(.text)
    SPI_FLASH_SendByte                       0x080027f9   Thumb Code   102  bsp_spi_flash.o(.text)
    SPI_FLASH_WaitForWriteEnd                0x0800285f   Thumb Code    40  bsp_spi_flash.o(.text)
    SPI_FLASH_WriteEnable                    0x08002887   Thumb Code    30  bsp_spi_flash.o(.text)
    SPI_FLASH_SectorErase                    0x080028a5   Thumb Code    64  bsp_spi_flash.o(.text)
    SPI_FLASH_BulkErase                      0x080028e5   Thumb Code    36  bsp_spi_flash.o(.text)
    SPI_FLASH_PageWrite                      0x08002909   Thumb Code    96  bsp_spi_flash.o(.text)
    SPI_FLASH_BufferWrite                    0x08002969   Thumb Code   202  bsp_spi_flash.o(.text)
    SPI_FLASH_BufferRead                     0x08002a33   Thumb Code    78  bsp_spi_flash.o(.text)
    SPI_FLASH_ReadID                         0x08002a81   Thumb Code    62  bsp_spi_flash.o(.text)
    SPI_FLASH_ReadDeviceID                   0x08002abf   Thumb Code    56  bsp_spi_flash.o(.text)
    SPI_FLASH_StartReadSequence              0x08002af7   Thumb Code    42  bsp_spi_flash.o(.text)
    SPI_FLASH_ReadByte                       0x08002b21   Thumb Code     4  bsp_spi_flash.o(.text)
    SPI_FLASH_SendHalfWord                   0x08002b25   Thumb Code   214  bsp_spi_flash.o(.text)
    SPI_Flash_PowerDown                      0x08002bfb   Thumb Code    30  bsp_spi_flash.o(.text)
    SPI_Flash_WAKEUP                         0x08002c19   Thumb Code    30  bsp_spi_flash.o(.text)
    XPT2046_Init                             0x08002c3d   Thumb Code   130  bsp_xpt2046_lcd.o(.text)
    XPT2046_Touch_Calibrate                  0x080030a5   Thumb Code   834  bsp_xpt2046_lcd.o(.text)
    Calibrate_or_Get_TouchParaWithFlash      0x080033e7   Thumb Code   132  bsp_xpt2046_lcd.o(.text)
    XPT2046_Get_TouchedPoint                 0x0800346b   Thumb Code   268  bsp_xpt2046_lcd.o(.text)
    XPT2046_TouchDetect                      0x08003577   Thumb Code   112  bsp_xpt2046_lcd.o(.text)
    IsWin                                    0x080035e7   Thumb Code    76  bsp_xpt2046_lcd.o(.text)
    display                                  0x08003633   Thumb Code    80  bsp_xpt2046_lcd.o(.text)
    judgedir                                 0x08003683   Thumb Code   224  bsp_xpt2046_lcd.o(.text)
    MoveNumber                               0x08003763   Thumb Code   258  bsp_xpt2046_lcd.o(.text)
    XPT2046_TouchDown                        0x08003865   Thumb Code   124  bsp_xpt2046_lcd.o(.text)
    XPT2046_TouchUp                          0x080038e1   Thumb Code     8  bsp_xpt2046_lcd.o(.text)
    XPT2046_TouchEvenHandler                 0x080038e9   Thumb Code   110  bsp_xpt2046_lcd.o(.text)
    judge                                    0x08003957   Thumb Code    82  bsp_xpt2046_lcd.o(.text)
    RandMap                                  0x080039a9   Thumb Code    88  bsp_xpt2046_lcd.o(.text)
    XPT2046_initialmap                       0x08003a01   Thumb Code    18  bsp_xpt2046_lcd.o(.text)
    Touch_Button_Init                        0x08003a89   Thumb Code    36  bsp_xpt2046_lcd.o(.text)
    Palette_Init                             0x08003aad   Thumb Code    44  bsp_xpt2046_lcd.o(.text)
    rt_system_tick_init                      0x08003aed   Thumb Code     2  clock.o(.text)
    rt_tick_get                              0x08003aef   Thumb Code     6  clock.o(.text)
    rt_tick_set                              0x08003af5   Thumb Code    20  clock.o(.text)
    rt_tick_increase                         0x08003b09   Thumb Code    38  clock.o(.text)
    rt_tick_from_millisecond                 0x08003b2f   Thumb Code    34  clock.o(.text)
    rt_components_board_init                 0x08003b65   Thumb Code    20  components.o(.text)
    rt_components_init                       0x08003b79   Thumb Code    20  components.o(.text)
    main_thread_entry                        0x08003b8d   Thumb Code    14  components.o(.text)
    rt_application_init                      0x08003b9b   Thumb Code    32  components.o(.text)
    rtthread_startup                         0x08003bbb   Thumb Code    42  components.o(.text)
    main                                     0x08003be5   Thumb Code    14  components.o(.text)
    rt_thread_idle_excute                    0x08003c09   Thumb Code   118  idle.o(.text)
    rt_thread_idle_init                      0x08003c85   Thumb Code    46  idle.o(.text)
    rt_thread_idle_gethandler                0x08003cb3   Thumb Code     6  idle.o(.text)
    rt_sem_init                              0x08003d67   Thumb Code    36  ipc.o(.text)
    rt_sem_detach                            0x08003d8b   Thumb Code    22  ipc.o(.text)
    rt_sem_create                            0x08003da1   Thumb Code    32  ipc.o(.text)
    rt_sem_delete                            0x08003dc1   Thumb Code    22  ipc.o(.text)
    rt_sem_take                              0x08003dd7   Thumb Code   110  ipc.o(.text)
    rt_sem_trytake                           0x08003e45   Thumb Code     4  ipc.o(.text)
    rt_sem_release                           0x08003e49   Thumb Code    62  ipc.o(.text)
    rt_sem_control                           0x08003e87   Thumb Code    46  ipc.o(.text)
    rt_mutex_init                            0x08003eb5   Thumb Code    42  ipc.o(.text)
    rt_mutex_detach                          0x08003edf   Thumb Code    22  ipc.o(.text)
    rt_mutex_create                          0x08003ef5   Thumb Code    42  ipc.o(.text)
    rt_mutex_delete                          0x08003f1f   Thumb Code    22  ipc.o(.text)
    rt_mutex_take                            0x08003f35   Thumb Code   184  ipc.o(.text)
    rt_mutex_release                         0x08003fed   Thumb Code   144  ipc.o(.text)
    rt_mutex_control                         0x0800407d   Thumb Code     6  ipc.o(.text)
    rt_event_init                            0x08004083   Thumb Code    32  ipc.o(.text)
    rt_event_detach                          0x080040a3   Thumb Code    22  ipc.o(.text)
    rt_event_create                          0x080040b9   Thumb Code    32  ipc.o(.text)
    rt_event_delete                          0x080040d9   Thumb Code    22  ipc.o(.text)
    rt_event_send                            0x080040ef   Thumb Code   144  ipc.o(.text)
    rt_event_recv                            0x0800417f   Thumb Code   208  ipc.o(.text)
    rt_event_control                         0x0800424f   Thumb Code    46  ipc.o(.text)
    rt_mb_init                               0x0800427d   Thumb Code    52  ipc.o(.text)
    rt_mb_detach                             0x080042b1   Thumb Code    30  ipc.o(.text)
    rt_mb_create                             0x080042cf   Thumb Code    76  ipc.o(.text)
    rt_mb_delete                             0x0800431b   Thumb Code    36  ipc.o(.text)
    rt_mb_send_wait                          0x0800433f   Thumb Code   242  ipc.o(.text)
    rt_mb_send                               0x08004431   Thumb Code     4  ipc.o(.text)
    rt_mb_recv                               0x08004435   Thumb Code   242  ipc.o(.text)
    rt_mb_control                            0x08004527   Thumb Code    58  ipc.o(.text)
    rt_mq_init                               0x08004561   Thumb Code    98  ipc.o(.text)
    rt_mq_detach                             0x080045c3   Thumb Code    22  ipc.o(.text)
    rt_mq_delete                             0x080045d9   Thumb Code    28  ipc.o(.text)
    rt_mq_create                             0x080045f5   Thumb Code   114  ipc.o(.text)
    rt_mq_send                               0x08004667   Thumb Code   132  ipc.o(.text)
    rt_mq_urgent                             0x080046eb   Thumb Code   126  ipc.o(.text)
    rt_mq_recv                               0x08004769   Thumb Code   240  ipc.o(.text)
    rt_mq_control                            0x08004859   Thumb Code    72  ipc.o(.text)
    rt_interrupt_enter                       0x080048cd   Thumb Code    22  irq.o(.text)
    rt_interrupt_leave                       0x080048e3   Thumb Code    22  irq.o(.text)
    rt_interrupt_get_nest                    0x080048f9   Thumb Code     6  irq.o(.text)
    rt_get_errno                             0x08004905   Thumb Code    28  kservice.o(.text)
    rt_set_errno                             0x08004921   Thumb Code    30  kservice.o(.text)
    _rt_errno                                0x0800493f   Thumb Code    26  kservice.o(.text)
    rt_memset                                0x08004959   Thumb Code    20  kservice.o(.text)
    rt_memcpy                                0x0800496d   Thumb Code    58  kservice.o(.text)
    rt_memmove                               0x080049a7   Thumb Code    52  kservice.o(.text)
    rt_memcmp                                0x080049db   Thumb Code    28  kservice.o(.text)
    rt_strlen                                0x080049f7   Thumb Code    16  kservice.o(.text)
    rt_strstr                                0x08004a07   Thumb Code    60  kservice.o(.text)
    rt_strcasecmp                            0x08004a43   Thumb Code    42  kservice.o(.text)
    rt_strncpy                               0x08004a6d   Thumb Code    38  kservice.o(.text)
    rt_strncmp                               0x08004a93   Thumb Code    32  kservice.o(.text)
    rt_strcmp                                0x08004ab3   Thumb Code    24  kservice.o(.text)
    rt_strnlen                               0x08004acb   Thumb Code    20  kservice.o(.text)
    rt_strdup                                0x08004adf   Thumb Code    40  kservice.o(.text)
    rt_vsnprintf                             0x08004c2d   Thumb Code   654  kservice.o(.text)
    rt_kprintf                               0x08004ebb   Thumb Code    30  kservice.o(.text)
    rt_show_version                          0x08004ed9   Thumb Code    38  kservice.o(.text)
    rt_snprintf                              0x08004eff   Thumb Code    18  kservice.o(.text)
    rt_vsprintf                              0x08004f11   Thumb Code    16  kservice.o(.text)
    rt_sprintf                               0x08004f21   Thumb Code    14  kservice.o(.text)
    rt_kputs                                 0x08004f2f   Thumb Code    12  kservice.o(.text)
    rt_malloc_align                          0x08004f3b   Thumb Code    50  kservice.o(.text)
    rt_free_align                            0x08004f6d   Thumb Code     8  kservice.o(.text)
    __rt_ffs                                 0x08004f75   Thumb Code    66  kservice.o(.text)
    rt_system_heap_init                      0x080050c9   Thumb Code   100  mem.o(.text)
    rt_malloc                                0x0800512d   Thumb Code   252  mem.o(.text)
    rt_free                                  0x08005229   Thumb Code   112  mem.o(.text)
    rt_realloc                               0x08005299   Thumb Code   224  mem.o(.text)
    rt_calloc                                0x08005379   Thumb Code    28  mem.o(.text)
    rt_memory_info                           0x08005395   Thumb Code    28  mem.o(.text)
    rt_system_object_init                    0x08005449   Thumb Code     2  object.o(.text)
    rt_object_get_information                0x0800544b   Thumb Code    30  object.o(.text)
    rt_object_init                           0x08005469   Thumb Code    60  object.o(.text)
    rt_object_detach                         0x080054a5   Thumb Code    28  object.o(.text)
    rt_object_allocate                       0x080054c1   Thumb Code    74  object.o(.text)
    rt_object_delete                         0x0800550b   Thumb Code    34  object.o(.text)
    rt_object_is_systemobject                0x0800552d   Thumb Code    14  object.o(.text)
    rt_object_find                           0x0800553b   Thumb Code    74  object.o(.text)
    rt_system_scheduler_init                 0x080055a9   Thumb Code    44  scheduler.o(.text)
    rt_system_scheduler_start                0x080055d5   Thumb Code    32  scheduler.o(.text)
    rt_schedule                              0x080055f5   Thumb Code   102  scheduler.o(.text)
    rt_schedule_insert_thread                0x0800565b   Thumb Code    68  scheduler.o(.text)
    rt_schedule_remove_thread                0x0800569f   Thumb Code    74  scheduler.o(.text)
    rt_enter_critical                        0x080056e9   Thumb Code    22  scheduler.o(.text)
    rt_exit_critical                         0x080056ff   Thumb Code    42  scheduler.o(.text)
    rt_critical_level                        0x08005729   Thumb Code     8  scheduler.o(.text)
    rt_thread_exit                           0x0800573d   Thumb Code    78  thread.o(.text)
    rt_thread_timeout                        0x0800578b   Thumb Code    32  thread.o(.text)
    rt_thread_init                           0x0800581d   Thumb Code    56  thread.o(.text)
    rt_thread_self                           0x08005855   Thumb Code     6  thread.o(.text)
    rt_thread_resume                         0x0800585b   Thumb Code    60  thread.o(.text)
    rt_thread_startup                        0x08005897   Thumb Code    38  thread.o(.text)
    rt_thread_detach                         0x080058bd   Thumb Code    68  thread.o(.text)
    rt_thread_create                         0x08005901   Thumb Code    76  thread.o(.text)
    rt_thread_delete                         0x0800594d   Thumb Code    58  thread.o(.text)
    rt_thread_yield                          0x08005987   Thumb Code    88  thread.o(.text)
    rt_thread_suspend                        0x080059df   Thumb Code    66  thread.o(.text)
    rt_thread_sleep                          0x08005a21   Thumb Code    60  thread.o(.text)
    rt_thread_delay                          0x08005a5d   Thumb Code     2  thread.o(.text)
    rt_thread_control                        0x08005a5f   Thumb Code   102  thread.o(.text)
    rt_thread_find                           0x08005ac5   Thumb Code    78  thread.o(.text)
    rt_timer_init                            0x08005b7f   Thumb Code    42  timer.o(.text)
    rt_timer_detach                          0x08005ba9   Thumb Code    32  timer.o(.text)
    rt_timer_create                          0x08005bc9   Thumb Code    46  timer.o(.text)
    rt_timer_delete                          0x08005bf7   Thumb Code    32  timer.o(.text)
    rt_timer_start                           0x08005c17   Thumb Code   206  timer.o(.text)
    rt_timer_stop                            0x08005ce5   Thumb Code    46  timer.o(.text)
    rt_timer_control                         0x08005d13   Thumb Code    52  timer.o(.text)
    rt_timer_check                           0x08005d47   Thumb Code   102  timer.o(.text)
    rt_timer_next_timeout_tick               0x08005dad   Thumb Code     4  timer.o(.text)
    rt_system_timer_init                     0x08005db1   Thumb Code    20  timer.o(.text)
    rt_system_timer_thread_init              0x08005dc5   Thumb Code     2  timer.o(.text)
    rt_hw_interrupt_disable                  0x08005e09   Thumb Code     8  context_rvds.o(.text)
    rt_hw_interrupt_enable                   0x08005e11   Thumb Code     6  context_rvds.o(.text)
    rt_hw_context_switch                     0x08005e17   Thumb Code    32  context_rvds.o(.text)
    rt_hw_context_switch_interrupt           0x08005e17   Thumb Code     0  context_rvds.o(.text)
    PendSV_Handler                           0x08005e37   Thumb Code    60  context_rvds.o(.text)
    rt_hw_context_switch_to                  0x08005e73   Thumb Code    58  context_rvds.o(.text)
    rt_hw_interrupt_thread_switch            0x08005ead   Thumb Code     2  context_rvds.o(.text)
    HardFault_Handler                        0x08005eaf   Thumb Code    48  context_rvds.o(.text)
    rt_hw_stack_init                         0x08005ef9   Thumb Code    56  cpuport.o(.text)
    rt_hw_exception_install                  0x08005f31   Thumb Code     6  cpuport.o(.text)
    rt_hw_hard_fault_exception               0x08005f37   Thumb Code   180  cpuport.o(.text)
    rt_hw_cpu_shutdown                       0x08005feb   Thumb Code     6  cpuport.o(.text)
    rand                                     0x08006145   Thumb Code    20  rand.o(.text)
    srand                                    0x08006159   Thumb Code     6  rand.o(.text)
    __aeabi_memcpy                           0x08006169   Thumb Code    36  memcpya.o(.text)
    __aeabi_memcpy4                          0x08006169   Thumb Code     0  memcpya.o(.text)
    __aeabi_memcpy8                          0x08006169   Thumb Code     0  memcpya.o(.text)
    __aeabi_memset                           0x0800618d   Thumb Code    14  memseta.o(.text)
    __aeabi_memset4                          0x0800618d   Thumb Code     0  memseta.o(.text)
    __aeabi_memset8                          0x0800618d   Thumb Code     0  memseta.o(.text)
    __aeabi_memclr                           0x0800619b   Thumb Code     4  memseta.o(.text)
    __aeabi_memclr4                          0x0800619b   Thumb Code     0  memseta.o(.text)
    __aeabi_memclr8                          0x0800619b   Thumb Code     0  memseta.o(.text)
    _memset$wrapper                          0x0800619f   Thumb Code    18  memseta.o(.text)
    strlen                                   0x080061b1   Thumb Code    14  strlen.o(.text)
    __aeabi_fadd                             0x080061bf   Thumb Code   164  fadd.o(.text)
    __aeabi_fsub                             0x08006263   Thumb Code     6  fadd.o(.text)
    __aeabi_frsub                            0x08006269   Thumb Code     6  fadd.o(.text)
    __aeabi_fmul                             0x0800626f   Thumb Code   100  fmul.o(.text)
    __aeabi_fdiv                             0x080062d3   Thumb Code   124  fdiv.o(.text)
    __aeabi_ddiv                             0x0800634f   Thumb Code   222  ddiv.o(.text)
    __aeabi_i2f                              0x0800642d   Thumb Code    18  fflti.o(.text)
    __aeabi_f2iz                             0x0800643f   Thumb Code    50  ffixi.o(.text)
    __aeabi_f2uiz                            0x08006471   Thumb Code    40  ffixui.o(.text)
    __aeabi_f2d                              0x08006499   Thumb Code    38  f2d.o(.text)
    __aeabi_d2f                              0x080064bf   Thumb Code    56  d2f.o(.text)
    __aeabi_uidiv                            0x080064f7   Thumb Code     0  uidiv.o(.text)
    __aeabi_uidivmod                         0x080064f7   Thumb Code    44  uidiv.o(.text)
    __I$use$fp                               0x08006523   Thumb Code     0  iusefp.o(.text)
    _float_round                             0x08006523   Thumb Code    18  fepilogue.o(.text)
    _float_epilogue                          0x08006535   Thumb Code    92  fepilogue.o(.text)
    _double_round                            0x08006591   Thumb Code    30  depilogue.o(.text)
    _double_epilogue                         0x080065af   Thumb Code   156  depilogue.o(.text)
    __scatterload                            0x0800664d   Thumb Code    28  init.o(.text)
    __scatterload_rt2                        0x0800664d   Thumb Code     0  init.o(.text)
    __aeabi_llsl                             0x08006671   Thumb Code    30  llshl.o(.text)
    _ll_shift_l                              0x08006671   Thumb Code     0  llshl.o(.text)
    __aeabi_llsr                             0x0800668f   Thumb Code    32  llushr.o(.text)
    _ll_ushift_r                             0x0800668f   Thumb Code     0  llushr.o(.text)
    __decompress                             0x080066af   Thumb Code     0  __dczerorl2.o(.text)
    __decompress1                            0x080066af   Thumb Code    86  __dczerorl2.o(.text)
    __0printf$6                              0x08006705   Thumb Code    22  printf6.o(i.__0printf$6)
    __1printf$6                              0x08006705   Thumb Code     0  printf6.o(i.__0printf$6)
    __2printf                                0x08006705   Thumb Code     0  printf6.o(i.__0printf$6)
    __0sprintf$6                             0x08006725   Thumb Code    34  printf6.o(i.__0sprintf$6)
    __1sprintf$6                             0x08006725   Thumb Code     0  printf6.o(i.__0sprintf$6)
    __2sprintf                               0x08006725   Thumb Code     0  printf6.o(i.__0sprintf$6)
    __scatterload_copy                       0x0800674d   Thumb Code    14  handlers.o(i.__scatterload_copy)
    __scatterload_null                       0x0800675b   Thumb Code     2  handlers.o(i.__scatterload_null)
    __scatterload_zeroinit                   0x0800675d   Thumb Code    14  handlers.o(i.__scatterload_zeroinit)
    ASCII8x16_Table                          0x08006ab8   Data        1520  fonts.o(.constdata)
    ASCII16x24_Table                         0x080070a8   Data        4560  fonts.o(.constdata)
    __lowest_bit_bitmap                      0x0800829c   Data         256  kservice.o(.constdata)
    __rt_init_rti_start                      0x080083e4   Data           4  components.o(.rti_fn.0)
    __rt_init_rti_board_start                0x080083e8   Data           4  components.o(.rti_fn.0.end)
    __rt_init_rti_board_end                  0x080083ec   Data           4  components.o(.rti_fn.1.end)
    __rt_init_rti_end                        0x080083f0   Data           4  components.o(.rti_fn.6.end)
    Region$$Table$$Base                      0x080083f4   Number         0  anon$$obj.o(Region$$Table)
    Region$$Table$$Limit                     0x08008414   Number         0  anon$$obj.o(Region$$Table)
    SystemCoreClock                          0x20000000   Data           4  system_stm32f10x.o(.data)
    AHBPrescTable                            0x20000004   Data          16  system_stm32f10x.o(.data)
    LCD_SCAN_MODE                            0x2000002c   Data           1  bsp_ili9341_lcd.o(.data)
    LCD_X_LENGTH                             0x2000002e   Data           2  bsp_ili9341_lcd.o(.data)
    LCD_Y_LENGTH                             0x20000030   Data           2  bsp_ili9341_lcd.o(.data)
    Font8x16                                 0x2000003c   Data           8  fonts.o(.data)
    Font16x24                                0x20000044   Data           8  fonts.o(.data)
    ucXPT2046_TouchFlag                      0x20000054   Data           1  bsp_xpt2046_lcd.o(.data)
    Crx                                      0x20000058   Data           4  bsp_xpt2046_lcd.o(.data)
    Cry                                      0x2000005c   Data           4  bsp_xpt2046_lcd.o(.data)
    flag                                     0x20000060   Data           4  bsp_xpt2046_lcd.o(.data)
    touchcount                               0x20000064   Data           4  bsp_xpt2046_lcd.o(.data)
    strXPT2046_TouchPara                     0x20000074   Data         192  bsp_xpt2046_lcd.o(.data)
    map                                      0x20000134   Data          36  bsp_xpt2046_lcd.o(.data)
    rt_interrupt_nest                        0x2000015c   Data           1  irq.o(.data)
    rt_current_priority                      0x200001fc   Data           1  scheduler.o(.data)
    rt_current_thread                        0x20000200   Data           4  scheduler.o(.data)
    rt_thread_ready_priority_group           0x20000204   Data           4  scheduler.o(.data)
    rt_thread_defunct                        0x20000208   Data           8  scheduler.o(.data)
    rt_interrupt_from_thread                 0x20000220   Data           4  cpuport.o(.data)
    rt_interrupt_to_thread                   0x20000224   Data           4  cpuport.o(.data)
    rt_thread_switch_interrupt_flag          0x20000228   Data           4  cpuport.o(.data)
    __stdout                                 0x20000230   Data           4  stdout.o(.data)
    SendBuff                                 0x20001234   Data        5000  bsp_usart.o(.bss)
    zoomBuff                                 0x200025bc   Data       16384  bsp_ili9341_lcd.o(.bss)
    zoomTempBuff                             0x200065bc   Data        1024  bsp_ili9341_lcd.o(.bss)
    button                                   0x200069bc   Data          24  bsp_xpt2046_lcd.o(.bss)
    rt_thread_priority_table                 0x20006bf4   Data          64  scheduler.o(.bss)
    __initial_sp                             0x20007038   Data           0  startup_stm32f10x_hd.o(STACK)



==============================================================================

Memory Map of the image

  Image Entry point : 0x08000131

  Load Region LR_IROM1 (Base: 0x08000000, Size: 0x00008648, Max: 0x00080000, ABSOLUTE, COMPRESSED[0x00008578])

    Execution Region ER_IROM1 (Exec base: 0x08000000, Load base: 0x08000000, Size: 0x00008414, Max: 0x00080000, ABSOLUTE)

    Exec Addr    Load Addr    Size         Type   Attr      Idx    E Section Name        Object

    0x08000000   0x08000000   0x00000130   Data   RO            3    RESET               startup_stm32f10x_hd.o
    0x08000130   0x08000130   0x00000000   Code   RO          920  * .ARM.Collect$$$$00000000  mc_w.l(entry.o)
    0x08000130   0x08000130   0x00000004   Code   RO         1213    .ARM.Collect$$$$00000001  mc_w.l(entry2.o)
    0x08000134   0x08000134   0x00000004   Code   RO         1216    .ARM.Collect$$$$00000004  mc_w.l(entry5.o)
    0x08000138   0x08000138   0x00000000   Code   RO         1218    .ARM.Collect$$$$00000008  mc_w.l(entry7b.o)
    0x08000138   0x08000138   0x00000000   Code   RO         1220    .ARM.Collect$$$$0000000A  mc_w.l(entry8b.o)
    0x08000138   0x08000138   0x00000008   Code   RO         1221    .ARM.Collect$$$$0000000B  mc_w.l(entry9a.o)
    0x08000140   0x08000140   0x00000000   Code   RO         1223    .ARM.Collect$$$$0000000D  mc_w.l(entry10a.o)
    0x08000140   0x08000140   0x00000000   Code   RO         1225    .ARM.Collect$$$$0000000F  mc_w.l(entry11a.o)
    0x08000140   0x08000140   0x00000004   Code   RO         1214    .ARM.Collect$$$$00002712  mc_w.l(entry2.o)
    0x08000144   0x08000144   0x00000024   Code   RO            4    .text               startup_stm32f10x_hd.o
    0x08000168   0x08000168   0x00000174   Code   RO           24    .text               system_stm32f10x.o
    0x080002dc   0x080002dc   0x000001e8   Code   RO          221    .text               stm32f10x_dma.o
    0x080004c4   0x080004c4   0x000004b6   Code   RO          257    .text               stm32f10x_fsmc.o
    0x0800097a   0x0800097a   0x00000002   PAD
    0x0800097c   0x0800097c   0x00000298   Code   RO          269    .text               stm32f10x_gpio.o
    0x08000c14   0x08000c14   0x000002f4   Code   RO          317    .text               stm32f10x_rcc.o
    0x08000f08   0x08000f08   0x000002b4   Code   RO          355    .text               stm32f10x_spi.o
    0x080011bc   0x080011bc   0x0000039c   Code   RO          379    .text               stm32f10x_usart.o
    0x08001558   0x08001558   0x000000ec   Code   RO          403    .text               board.o
    0x08001644   0x08001644   0x000000c0   Code   RO          504    .text               main.o
    0x08001704   0x08001704   0x00000060   Code   RO          530    .text               bsp_led.o
    0x08001764   0x08001764   0x000001ac   Code   RO          542    .text               bsp_usart.o
    0x08001910   0x08001910   0x00000ddc   Code   RO          564    .text               bsp_ili9341_lcd.o
    0x080026ec   0x080026ec   0x0000004c   Code   RO          596    .text               fonts.o
    0x08002738   0x08002738   0x00000504   Code   RO          623    .text               bsp_spi_flash.o
    0x08002c3c   0x08002c3c   0x00000eb0   Code   RO          637    .text               bsp_xpt2046_lcd.o
    0x08003aec   0x08003aec   0x00000068   Code   RO          668    .text               clock.o
    0x08003b54   0x08003b54   0x000000b4   Code   RO          688    .text               components.o
    0x08003c08   0x08003c08   0x000000d4   Code   RO          712    .text               idle.o
    0x08003cdc   0x08003cdc   0x00000bee   Code   RO          730    .text               ipc.o
    0x080048ca   0x080048ca   0x00000002   PAD
    0x080048cc   0x080048cc   0x00000038   Code   RO          745    .text               irq.o
    0x08004904   0x08004904   0x00000774   Code   RO          760    .text               kservice.o
    0x08005078   0x08005078   0x000003d0   Code   RO          777    .text               mem.o
    0x08005448   0x08005448   0x00000160   Code   RO          813    .text               object.o
    0x080055a8   0x080055a8   0x00000194   Code   RO          830    .text               scheduler.o
    0x0800573c   0x0800573c   0x00000402   Code   RO          865    .text               thread.o
    0x08005b3e   0x08005b3e   0x00000002   PAD
    0x08005b40   0x08005b40   0x000002c8   Code   RO          881    .text               timer.o
    0x08005e08   0x08005e08   0x000000f0   Code   RO          898    .text               context_rvds.o
    0x08005ef8   0x08005ef8   0x0000024c   Code   RO          902    .text               cpuport.o
    0x08006144   0x08006144   0x00000024   Code   RO          923    .text               mc_w.l(rand.o)
    0x08006168   0x08006168   0x00000024   Code   RO          926    .text               mc_w.l(memcpya.o)
    0x0800618c   0x0800618c   0x00000024   Code   RO          928    .text               mc_w.l(memseta.o)
    0x080061b0   0x080061b0   0x0000000e   Code   RO          930    .text               mc_w.l(strlen.o)
    0x080061be   0x080061be   0x000000b0   Code   RO         1195    .text               mf_w.l(fadd.o)
    0x0800626e   0x0800626e   0x00000064   Code   RO         1197    .text               mf_w.l(fmul.o)
    0x080062d2   0x080062d2   0x0000007c   Code   RO         1199    .text               mf_w.l(fdiv.o)
    0x0800634e   0x0800634e   0x000000de   Code   RO         1201    .text               mf_w.l(ddiv.o)
    0x0800642c   0x0800642c   0x00000012   Code   RO         1203    .text               mf_w.l(fflti.o)
    0x0800643e   0x0800643e   0x00000032   Code   RO         1205    .text               mf_w.l(ffixi.o)
    0x08006470   0x08006470   0x00000028   Code   RO         1207    .text               mf_w.l(ffixui.o)
    0x08006498   0x08006498   0x00000026   Code   RO         1209    .text               mf_w.l(f2d.o)
    0x080064be   0x080064be   0x00000038   Code   RO         1211    .text               mf_w.l(d2f.o)
    0x080064f6   0x080064f6   0x0000002c   Code   RO         1228    .text               mc_w.l(uidiv.o)
    0x08006522   0x08006522   0x00000000   Code   RO         1232    .text               mc_w.l(iusefp.o)
    0x08006522   0x08006522   0x0000006e   Code   RO         1233    .text               mf_w.l(fepilogue.o)
    0x08006590   0x08006590   0x000000ba   Code   RO         1235    .text               mf_w.l(depilogue.o)
    0x0800664a   0x0800664a   0x00000002   PAD
    0x0800664c   0x0800664c   0x00000024   Code   RO         1245    .text               mc_w.l(init.o)
    0x08006670   0x08006670   0x0000001e   Code   RO         1247    .text               mc_w.l(llshl.o)
    0x0800668e   0x0800668e   0x00000020   Code   RO         1249    .text               mc_w.l(llushr.o)
    0x080066ae   0x080066ae   0x00000056   Code   RO         1261    .text               mc_w.l(__dczerorl2.o)
    0x08006704   0x08006704   0x00000020   Code   RO         1089    i.__0printf$6       mc_w.l(printf6.o)
    0x08006724   0x08006724   0x00000028   Code   RO         1091    i.__0sprintf$6      mc_w.l(printf6.o)
    0x0800674c   0x0800674c   0x0000000e   Code   RO         1255    i.__scatterload_copy  mc_w.l(handlers.o)
    0x0800675a   0x0800675a   0x00000002   Code   RO         1256    i.__scatterload_null  mc_w.l(handlers.o)
    0x0800675c   0x0800675c   0x0000000e   Code   RO         1257    i.__scatterload_zeroinit  mc_w.l(handlers.o)
    0x0800676a   0x0800676a   0x00000002   PAD
    0x0800676c   0x0800676c   0x000002f0   Code   RO         1096    i._printf_core      mc_w.l(printf6.o)
    0x08006a5c   0x08006a5c   0x00000024   Code   RO         1097    i._printf_post_padding  mc_w.l(printf6.o)
    0x08006a80   0x08006a80   0x0000002e   Code   RO         1098    i._printf_pre_padding  mc_w.l(printf6.o)
    0x08006aae   0x08006aae   0x0000000a   Code   RO         1100    i._sputc            mc_w.l(printf6.o)
    0x08006ab8   0x08006ab8   0x000005f0   Data   RO          597    .constdata          fonts.o
    0x080070a8   0x080070a8   0x000011d0   Data   RO          598    .constdata          fonts.o
    0x08008278   0x08008278   0x00000024   Data   RO          639    .constdata          bsp_xpt2046_lcd.o
    0x0800829c   0x0800829c   0x00000122   Data   RO          762    .constdata          kservice.o
    0x080083be   0x080083be   0x00000002   PAD
    0x080083c0   0x080083c0   0x00000022   Data   RO          640    .conststring        bsp_xpt2046_lcd.o
    0x080083e2   0x080083e2   0x00000002   PAD
    0x080083e4   0x080083e4   0x00000004   Data   RO          689    .rti_fn.0           components.o
    0x080083e8   0x080083e8   0x00000004   Data   RO          690    .rti_fn.0.end       components.o
    0x080083ec   0x080083ec   0x00000004   Data   RO          691    .rti_fn.1.end       components.o
    0x080083f0   0x080083f0   0x00000004   Data   RO          692    .rti_fn.6.end       components.o
    0x080083f4   0x080083f4   0x00000020   Data   RO         1253    Region$$Table       anon$$obj.o


    Execution Region RW_IRAM1 (Exec base: 0x20000000, Load base: 0x08008414, Size: 0x00007038, Max: 0x00010000, ABSOLUTE, COMPRESSED[0x00000164])

    Exec Addr    Load Addr    Size         Type   Attr      Idx    E Section Name        Object

    0x20000000   COMPRESSED   0x00000014   Data   RW           25    .data               system_stm32f10x.o
    0x20000014   COMPRESSED   0x00000014   Data   RW          318    .data               stm32f10x_rcc.o
    0x20000028   COMPRESSED   0x00000004   Data   RW          505    .data               main.o
    0x2000002c   COMPRESSED   0x00000010   Data   RW          566    .data               bsp_ili9341_lcd.o
    0x2000003c   COMPRESSED   0x00000008   Data   RW          600    .data               fonts.o
    0x20000044   COMPRESSED   0x00000008   Data   RW          601    .data               fonts.o
    0x2000004c   COMPRESSED   0x00000001   Data   RW          603    .data               fonts.o
    0x2000004d   COMPRESSED   0x00000003   PAD
    0x20000050   COMPRESSED   0x00000004   Data   RW          624    .data               bsp_spi_flash.o
    0x20000054   COMPRESSED   0x00000104   Data   RW          641    .data               bsp_xpt2046_lcd.o
    0x20000158   COMPRESSED   0x00000004   Data   RW          669    .data               clock.o
    0x2000015c   COMPRESSED   0x00000001   Data   RW          746    .data               irq.o
    0x2000015d   COMPRESSED   0x00000003   PAD
    0x20000160   COMPRESSED   0x00000004   Data   RW          763    .data               kservice.o
    0x20000164   COMPRESSED   0x00000018   Data   RW          779    .data               mem.o
    0x2000017c   COMPRESSED   0x00000080   Data   RW          814    .data               object.o
    0x200001fc   COMPRESSED   0x00000014   Data   RW          832    .data               scheduler.o
    0x20000210   COMPRESSED   0x0000000c   Data   RW          882    .data               timer.o
    0x2000021c   COMPRESSED   0x00000004   Data   RW          903    .data               cpuport.o
    0x20000220   COMPRESSED   0x00000004   Data   RW          904    .data               cpuport.o
    0x20000224   COMPRESSED   0x00000004   Data   RW          905    .data               cpuport.o
    0x20000228   COMPRESSED   0x00000004   Data   RW          906    .data               cpuport.o
    0x2000022c   COMPRESSED   0x00000004   Data   RW          924    .data               mc_w.l(rand.o)
    0x20000230   COMPRESSED   0x00000004   Data   RW         1227    .data               mc_w.l(stdout.o)
    0x20000234        -       0x00001000   Zero   RW          404    .bss                board.o
    0x20001234        -       0x00001388   Zero   RW          543    .bss                bsp_usart.o
    0x200025bc        -       0x00004400   Zero   RW          565    .bss                bsp_ili9341_lcd.o
    0x200069bc        -       0x00000018   Zero   RW          638    .bss                bsp_xpt2046_lcd.o
    0x200069d4        -       0x00000180   Zero   RW          713    .bss                idle.o
    0x20006b54        -       0x00000080   Zero   RW          761    .bss                kservice.o
    0x20006bd4        -       0x00000020   Zero   RW          778    .bss                mem.o
    0x20006bf4        -       0x00000040   Zero   RW          831    .bss                scheduler.o
    0x20006c34   COMPRESSED   0x00000004   PAD
    0x20006c38        -       0x00000400   Zero   RW            1    STACK               startup_stm32f10x_hd.o


==============================================================================

Image component sizes


      Code (inc. data)   RO Data    RW Data    ZI Data      Debug   Object Name

       236         26          0          0       4096      23313   board.o
      3548         64          0         16      17408      23326   bsp_ili9341_lcd.o
        96          4          0          0          0        558   bsp_led.o
      1284        124          0          4          0       5792   bsp_spi_flash.o
       428         18          0          0       5000       4279   bsp_usart.o
      3760        182         70        260         24      13723   bsp_xpt2046_lcd.o
       104          4          0          4          0       1608   clock.o
       180         22         16          0          0       2658   components.o
       240         26          0          0          0        800   context_rvds.o
         0          0          0          0          0       4508   core_cm3.o
       588        340          0         16          0       3247   cpuport.o
        76          8       6080         17          0       2415   fonts.o
       212         20          0          0        384       4362   idle.o
      3054          0          0          0          0      19779   ipc.o
        56          6          0          1          0       1502   irq.o
      1908        164        290          4        128      11248   kservice.o
       192         40          0          4          0       1115   main.o
       976        152          0         24         32       4392   mem.o
       352          4          0        128          0       6199   object.o
       404         12          0         20         64       5944   scheduler.o
        36          8        304          0       1024        872   startup_stm32f10x_hd.o
       488         10          0          0          0       4862   stm32f10x_dma.o
      1206         10          0          0          0       6071   stm32f10x_fsmc.o
       664         36          0          0          0       6277   stm32f10x_gpio.o
       756         32          0         20          0       9428   stm32f10x_rcc.o
       692         12          0          0          0       7210   stm32f10x_spi.o
       924         20          0          0          0       9240   stm32f10x_usart.o
       372         34          0         20          0     253139   system_stm32f10x.o
      1026         12          0          0          0       8965   thread.o
       712          4          0         12          0       7789   timer.o

    ----------------------------------------------------------------------
     24576       1394       6796        556      28164     454621   Object Totals
         0          0         32          0          0          0   (incl. Generated)
         6          0          4          6          4          0   (incl. Padding)

    ----------------------------------------------------------------------

      Code (inc. data)   RO Data    RW Data    ZI Data      Debug   Library Member Name

        86          0          0          0          0          0   __dczerorl2.o
         0          0          0          0          0          0   entry.o
         0          0          0          0          0          0   entry10a.o
         0          0          0          0          0          0   entry11a.o
         8          4          0          0          0          0   entry2.o
         4          0          0          0          0          0   entry5.o
         0          0          0          0          0          0   entry7b.o
         0          0          0          0          0          0   entry8b.o
         8          4          0          0          0          0   entry9a.o
        30          0          0          0          0          0   handlers.o
        36          8          0          0          0         68   init.o
         0          0          0          0          0          0   iusefp.o
        30          0          0          0          0         68   llshl.o
        32          0          0          0          0         68   llushr.o
        36          0          0          0          0         68   memcpya.o
        36          0          0          0          0        108   memseta.o
       916         20          0          0          0        504   printf6.o
        36         10          0          4          0        136   rand.o
         0          0          0          4          0          0   stdout.o
        14          0          0          0          0         68   strlen.o
        44          0          0          0          0         80   uidiv.o
        56          0          0          0          0         88   d2f.o
       222          0          0          0          0        100   ddiv.o
       186          0          0          0          0        176   depilogue.o
        38          0          0          0          0         68   f2d.o
       176          0          0          0          0        140   fadd.o
       124          0          0          0          0         88   fdiv.o
       110          0          0          0          0        168   fepilogue.o
        50          0          0          0          0         68   ffixi.o
        40          0          0          0          0         68   ffixui.o
        18          0          0          0          0         68   fflti.o
       100          0          0          0          0         76   fmul.o

    ----------------------------------------------------------------------
      2440         46          0          8          0       2276   Library Totals
         4          0          0          0          0          0   (incl. Padding)

    ----------------------------------------------------------------------

      Code (inc. data)   RO Data    RW Data    ZI Data      Debug   Library Name

      1316         46          0          8          0       1168   mc_w.l
      1120          0          0          0          0       1108   mf_w.l

    ----------------------------------------------------------------------
      2440         46          0          8          0       2276   Library Totals

    ----------------------------------------------------------------------

==============================================================================


      Code (inc. data)   RO Data    RW Data    ZI Data      Debug   

     27016       1440       6796        564      28164     452813   Grand Totals
     27016       1440       6796        356      28164     452813   ELF Image Totals (compressed)
     27016       1440       6796        356          0          0   ROM Totals

==============================================================================

    Total RO  Size (Code + RO Data)                33812 (  33.02kB)
    Total RW  Size (RW Data + ZI Data)             28728 (  28.05kB)
    Total ROM Size (Code + RO Data + RW Data)      34168 (  33.37kB)

==============================================================================

